[dev-server] Starting development server on port 3002...
[AssetsS3] AWS SDK not available
[AssetsS3] AWS SDK not available
[AssetsS3] AWS SDK not available - S3 storage disabled
[2026-01-03T13:42:08.876Z] [INFO] [CORSConfig] Initializing CORSConfig
[2026-01-03T13:42:08.877Z] [INFO] [CORSConfig] CORSConfig initialized
[2026-01-03T13:42:08.878Z] [INFO] [CircuitBreakerManager] Circuit breaker registered {"name":"database","options":{"failureThreshold":5,"successThreshold":2,"timeout":60000}}
[2026-01-03T13:42:08.878Z] [INFO] [CircuitBreakerManager] Circuit breaker registered {"name":"storage","options":{"failureThreshold":5,"successThreshold":2,"timeout":60000}}
[2026-01-03T13:42:08.879Z] [INFO] [CircuitBreakerManager] Circuit breaker registered {"name":"websocket","options":{"failureThreshold":10,"successThreshold":3,"timeout":30000}}
[2026-01-03T13:42:08.879Z] [INFO] [CircuitBreakerManager] Circuit breaker registered {"name":"upload","options":{"failureThreshold":5,"successThreshold":2,"timeout":90000}}
[2026-01-03T13:42:08.879Z] [INFO] [Server] Initializing server...
[13:42:08] INFO     Initializing server...
[2026-01-03T13:42:08.935Z] [WARN] [Scripts] SECURITY BOUNDARY: No SES Compartment available, using unvetted Function() sandbox {"context":"FallbackCompartment initialization","hasSES":false}
[2026-01-03T13:42:08.936Z] [ERROR] [Scripts] SECURITY BOUNDARY: Script execution without SES sandbox {"context":"SecureCompartment initialization","sandboxStatus":"FALLBACK","risk":"Prototype pollution possible if validation bypassed"}
[2026-01-03T13:42:08.936Z] [INFO] [World] World.init() called {"assetsUrl":"http://localhost:3000/assets","assetsDir":"C:\\dev\\hyperfy\\world\\assets"}
[2026-01-03T13:42:08.937Z] [INFO] [Server] Server initialization complete {"entities":0,"blueprints":0}
[13:42:08] INFO     Server initialization complete
[2026-01-03T13:42:08.937Z] [INFO] [PluginManager] Initializing PluginManager
[2026-01-03T13:42:08.978Z] [INFO] [Server] [CORS] CORS configuration registered {"origins":3,"methods":6}
[13:42:08] INFO     [CORS] CORS configuration registered
[2026-01-03T13:42:08.979Z] [INFO] [PluginManager] PluginManager initialized
[assets] initializing local storage
[2026-01-03T13:42:09.004Z] [INFO] [ServerLifecycleManager] Adding blueprint from collection {"blueprintId":"1gBgzpneVh"}
[2026-01-03T13:42:09.010Z] [INFO] [ServerLifecycleManager] Adding blueprint from collection {"blueprintId":"58UBIq2DWs"}
[2026-01-03T13:42:09.011Z] [INFO] [ServerLifecycleManager] Adding blueprint from collection {"blueprintId":"dLZuSHmCTC"}
[2026-01-03T13:42:09.012Z] [INFO] [ServerLifecycleManager] Adding blueprint from collection {"blueprintId":"2C4uMiZplQ"}
[2026-01-03T13:42:09.045Z] [INFO] [Server] HMR server initialized
[13:42:09] INFO     HMR server initialized
[2026-01-03T13:42:09.054Z] [WARN] [Server] Port 3002 in use, retrying in 2s...
[13:42:09] WARN     Port 3002 in use, retrying in 2s...
[2026-01-03T13:42:11.066Z] [WARN] [Server] Port 3002 in use, retrying in 2s...
[13:42:11] WARN     Port 3002 in use, retrying in 2s...
[2026-01-03T13:42:13.076Z] [WARN] [Server] Port 3002 in use, retrying in 2s...
[13:42:13] WARN     Port 3002 in use, retrying in 2s...
[2026-01-03T13:42:15.078Z] [WARN] [Server] Port 3002 in use, retrying in 2s...
[13:42:15] WARN     Port 3002 in use, retrying in 2s...
[2026-01-03T13:42:17.091Z] [WARN] [Server] Port 3002 in use, retrying in 2s...
[13:42:17] WARN     Port 3002 in use, retrying in 2s...
[2026-01-03T13:42:19.096Z] [WARN] [Server] Port 3002 in use, retrying in 2s...
[13:42:19] WARN     Port 3002 in use, retrying in 2s...
[2026-01-03T13:42:21.107Z] [WARN] [Server] Port 3002 in use, retrying in 2s...
[13:42:21] WARN     Port 3002 in use, retrying in 2s...
[2026-01-03T13:42:23.119Z] [WARN] [Server] Port 3002 in use, retrying in 2s...
[13:42:23] WARN     Port 3002 in use, retrying in 2s...
[2026-01-03T13:42:25.141Z] [WARN] [Server] Port 3002 in use, retrying in 2s...
[13:42:25] WARN     Port 3002 in use, retrying in 2s...
[2026-01-03T13:42:27.152Z] [WARN] [Server] Port 3002 in use, retrying in 2s...
[13:42:27] WARN     Port 3002 in use, retrying in 2s...
                                                                                                                                                                                                                                                                                                                                                                                                                                                                                                                                                                                                                                                                                                                                                                                                                                                                                                                                                                                                                                                                                                                                                                                                                                                                                                                                                                                                                                                                                                                                                                                                                                                                                                          [2026-01-03T13:42:02.286Z] [ERROR] [Server] Game loop error {"error":"Maximum call stack size exceeded"}
[13:42:02] ERROR    Game loop error
[2026-01-03T13:42:02.307Z] [ERROR] [Server] Game loop error {"error":"Maximum call stack size exceeded"}
[13:42:02] ERROR    Game loop error
[2026-01-03T13:42:02.344Z] [ERROR] [Server] Game loop error {"error":"Maximum call stack size exceeded"}
[13:42:02] ERROR    Game loop error
[2026-01-03T13:42:02.370Z] [ERROR] [Server] Game loop error {"error":"Maximum call stack size exceeded"}
[13:42:02] ERROR    Game loop error
[2026-01-03T13:42:02.406Z] [ERROR] [Server] Game loop error {"error":"Maximum call stack size exceeded"}
[13:42:02] ERROR    Game loop error
[2026-01-03T13:42:02.437Z] [ERROR] [Server] Game loop error {"error":"Maximum call stack size exceeded"}
[13:42:02] ERROR    Game loop error
[2026-01-03T13:42:02.455Z] [ERROR] [Server] Game loop error {"error":"Maximum call stack size exceeded"}
[13:42:02] ERROR    Game loop error
[2026-01-03T13:42:02.480Z] [ERROR] [Server] Game loop error {"error":"Maximum call stack size exceeded"}
[13:42:02] ERROR    Game loop error
[2026-01-03T13:42:02.509Z] [ERROR] [Server] Game loop error {"error":"Maximum call stack size exceeded"}
[13:42:02] ERROR    Game loop error
[2026-01-03T13:42:02.545Z] [ERROR] [Server] Game loop error {"error":"Maximum call stack size exceeded"}
[13:42:02] ERROR    Game loop error
[2026-01-03T13:42:02.570Z] [ERROR] [Server] Game loop error {"error":"Maximum call stack size exceeded"}
[13:42:02] ERROR    Game loop error
[2026-01-03T13:42:02.593Z] [ERROR] [Server] Game loop error {"error":"Maximum call stack size exceeded"}
[13:42:02] ERROR    Game loop error
[2026-01-03T13:42:02.619Z] [ERROR] [Server] Game loop error {"error":"Maximum call stack size exceeded"}
[13:42:02] ERROR    Game loop error
[2026-01-03T13:42:02.649Z] [ERROR] [Server] Game loop error {"error":"Maximum call stack size exceeded"}
[13:42:02] ERROR    Game loop error
[2026-01-03T13:42:02.682Z] [ERROR] [Server] Game loop error {"error":"Maximum call stack size exceeded"}
[13:42:02] ERROR    Game loop error
[2026-01-03T13:42:02.716Z] [ERROR] [Server] Game loop error {"error":"Maximum call stack size exceeded"}
[13:42:02] ERROR    Game loop error
[2026-01-03T13:42:02.743Z] [ERROR] [Server] Game loop error {"error":"Maximum call stack size exceeded"}
[13:42:02] ERROR    Game loop error
[2026-01-03T13:42:02.778Z] [ERROR] [Server] Game loop error {"error":"Maximum call stack size exceeded"}
[13:42:02] ERROR    Game loop error
[2026-01-03T13:42:02.808Z] [ERROR] [Server] Game loop error {"error":"Maximum call stack size exceeded"}
[13:42:02] ERROR    Game loop error
[2026-01-03T13:42:02.837Z] [ERROR] [Server] Game loop error {"error":"Maximum call stack size exceeded"}
[13:42:02] ERROR    Game loop error
[2026-01-03T13:42:02.880Z] [ERROR] [Server] Game loop error {"error":"Maximum call stack size exceeded"}
[13:42:02] ERROR    Game loop error
[2026-01-03T13:42:02.919Z] [ERROR] [Server] Game loop error {"error":"Maximum call stack size exceeded"}
[13:42:02] ERROR    Game loop error
[2026-01-03T13:42:02.944Z] [ERROR] [Server] Game loop error {"error":"Maximum call stack size exceeded"}
[13:42:02] ERROR    Game loop error
[2026-01-03T13:42:02.979Z] [ERROR] [Server] Game loop error {"error":"Maximum call stack size exceeded"}
[13:42:02] ERROR    Game loop error
[2026-01-03T13:42:03.012Z] [ERROR] [Server] Game loop error {"error":"Maximum call stack size exceeded"}
[13:42:03] ERROR    Game loop error
[2026-01-03T13:42:03.048Z] [ERROR] [Server] Game loop error {"error":"Maximum call stack size exceeded"}
[13:42:03] ERROR    Game loop error
[2026-01-03T13:42:03.071Z] [ERROR] [Server] Game loop error {"error":"Maximum call stack size exceeded"}
[13:42:03] ERROR    Game loop error
[2026-01-03T13:42:03.102Z] [ERROR] [Server] Game loop error {"error":"Maximum call stack size exceeded"}
[13:42:03] ERROR    Game loop error
[2026-01-03T13:42:03.139Z] [ERROR] [Server] Game loop error {"error":"Maximum call stack size exceeded"}
[13:42:03] ERROR    Game loop error
[2026-01-03T13:42:03.167Z] [ERROR] [Server] Game loop error {"error":"Maximum call stack size exceeded"}
[13:42:03] ERROR    Game loop error
[2026-01-03T13:42:03.195Z] [ERROR] [Server] Game loop error {"error":"Maximum call stack size exceeded"}
[13:42:03] ERROR    Game loop error
[2026-01-03T13:42:03.214Z] [ERROR] [Server] Game loop error {"error":"Maximum call stack size exceeded"}
[13:42:03] ERROR    Game loop error
[2026-01-03T13:42:03.249Z] [ERROR] [Server] Game loop error {"error":"Maximum call stack size exceeded"}
[13:42:03] ERROR    Game loop error
[2026-01-03T13:42:03.273Z] [ERROR] [Server] Game loop error {"error":"Maximum call stack size exceeded"}
[13:42:03] ERROR    Game loop error
[2026-01-03T13:42:03.306Z] [ERROR] [Server] Game loop error {"error":"Maximum call stack size exceeded"}
[13:42:03] ERROR    Game loop error
[2026-01-03T13:42:03.340Z] [ERROR] [Server] Game loop error {"error":"Maximum call stack size exceeded"}
[13:42:03] ERROR    Game loop error
[2026-01-03T13:42:03.367Z] [ERROR] [Server] Game loop error {"error":"Maximum call stack size exceeded"}
[13:42:03] ERROR    Game loop error
[2026-01-03T13:42:03.394Z] [ERROR] [Server] Game loop error {"error":"Maximum call stack size exceeded"}
[13:42:03] ERROR    Game loop error
[2026-01-03T13:42:03.434Z] [ERROR] [Server] Game loop error {"error":"Maximum call stack size exceeded"}
[13:42:03] ERROR    Game loop error
[2026-01-03T13:42:03.460Z] [ERROR] [Server] Game loop error {"error":"Maximum call stack size exceeded"}
[13:42:03] ERROR    Game loop error
[2026-01-03T13:42:03.486Z] [ERROR] [Server] Game loop error {"error":"Maximum call stack size exceeded"}
[13:42:03] ERROR    Game loop error
[2026-01-03T13:42:03.505Z] [ERROR] [Server] Game loop error {"error":"Maximum call stack size exceeded"}
[13:42:03] ERROR    Game loop error
[2026-01-03T13:42:03.538Z] [ERROR] [Server] Game loop error {"error":"Maximum call stack size exceeded"}
[13:42:03] ERROR    Game loop error
[2026-01-03T13:42:03.566Z] [ERROR] [Server] Game loop error {"error":"Maximum call stack size exceeded"}
[13:42:03] ERROR    Game loop error
[2026-01-03T13:42:03.597Z] [ERROR] [Server] Game loop error {"error":"Maximum call stack size exceeded"}
[13:42:03] ERROR    Game loop error
[2026-01-03T13:42:03.625Z] [ERROR] [Server] Game loop error {"error":"Maximum call stack size exceeded"}
[13:42:03] ERROR    Game loop error
[2026-01-03T13:42:03.661Z] [ERROR] [Server] Game loop error {"error":"Maximum call stack size exceeded"}
[13:42:03] ERROR    Game loop error
[2026-01-03T13:42:03.689Z] [ERROR] [Server] Game loop error {"error":"Maximum call stack size exceeded"}
[13:42:03] ERROR    Game loop error
[2026-01-03T13:42:03.720Z] [ERROR] [Server] Game loop error {"error":"Maximum call stack size exceeded"}
[13:42:03] ERROR    Game loop error
[2026-01-03T13:42:03.749Z] [ERROR] [Server] Game loop error {"error":"Maximum call stack size exceeded"}
[13:42:03] ERROR    Game loop error
[2026-01-03T13:42:03.783Z] [ERROR] [Server] Game loop error {"error":"Maximum call stack size exceeded"}
[13:42:03] ERROR    Game loop error
[2026-01-03T13:42:03.814Z] [ERROR] [Server] Game loop error {"error":"Maximum call stack size exceeded"}
[13:42:03] ERROR    Game loop error
[2026-01-03T13:42:03.850Z] [ERROR] [Server] Game loop error {"error":"Maximum call stack size exceeded"}
[13:42:03] ERROR    Game loop error
[2026-01-03T13:42:03.875Z] [ERROR] [Server] Game loop error {"error":"Maximum call stack size exceeded"}
[13:42:03] ERROR    Game loop error
[2026-01-03T13:42:03.911Z] [ERROR] [Server] Game loop error {"error":"Maximum call stack size exceeded"}
[13:42:03] ERROR    Game loop error
[2026-01-03T13:42:03.937Z] [ERROR] [Server] Game loop error {"error":"Maximum call stack size exceeded"}
[13:42:03] ERROR    Game loop error
[2026-01-03T13:42:03.965Z] [ERROR] [Server] Game loop error {"error":"Maximum call stack size exceeded"}
[13:42:03] ERROR    Game loop error
[2026-01-03T13:42:03.999Z] [ERROR] [Server] Game loop error {"error":"Maximum call stack size exceeded"}
[13:42:03] ERROR    Game loop error
[2026-01-03T13:42:04.031Z] [ERROR] [Server] Game loop error {"error":"Maximum call stack size exceeded"}
[13:42:04] ERROR    Game loop error
[2026-01-03T13:42:04.071Z] [ERROR] [Server] Game loop error {"error":"Maximum call stack size exceeded"}
[13:42:04] ERROR    Game loop error
[2026-01-03T13:42:04.108Z] [ERROR] [Server] Game loop error {"error":"Maximum call stack size exceeded"}
[13:42:04] ERROR    Game loop error
[2026-01-03T13:42:04.140Z] [ERROR] [Server] Game loop error {"error":"Maximum call stack size exceeded"}
[13:42:04] ERROR    Game loop error
[2026-01-03T13:42:04.162Z] [ERROR] [Server] Game loop error {"error":"Maximum call stack size exceeded"}
[13:42:04] ERROR    Game loop error
[2026-01-03T13:42:04.195Z] [ERROR] [Server] Game loop error {"error":"Maximum call stack size exceeded"}
[13:42:04] ERROR    Game loop error
[2026-01-03T13:42:04.227Z] [ERROR] [Server] Game loop error {"error":"Maximum call stack size exceeded"}
[13:42:04] ERROR    Game loop error
[2026-01-03T13:42:04.261Z] [ERROR] [Server] Game loop error {"error":"Maximum call stack size exceeded"}
[13:42:04] ERROR    Game loop error
[2026-01-03T13:42:04.281Z] [ERROR] [Server] Game loop error {"error":"Maximum call stack size exceeded"}
[13:42:04] ERROR    Game loop error
[2026-01-03T13:42:04.313Z] [ERROR] [Server] Game loop error {"error":"Maximum call stack size exceeded"}
[13:42:04] ERROR    Game loop error
[2026-01-03T13:42:04.336Z] [ERROR] [Server] Game loop error {"error":"Maximum call stack size exceeded"}
[13:42:04] ERROR    Game loop error
[2026-01-03T13:42:04.366Z] [ERROR] [Server] Game loop error {"error":"Maximum call stack size exceeded"}
[13:42:04] ERROR    Game loop error
[2026-01-03T13:42:04.407Z] [ERROR] [Server] Game loop error {"error":"Maximum call stack size exceeded"}
[13:42:04] ERROR    Game loop error
[2026-01-03T13:42:04.426Z] [ERROR] [Server] Game loop error {"error":"Maximum call stack size exceeded"}
[13:42:04] ERROR    Game loop error
[2026-01-03T13:42:04.451Z] [ERROR] [Server] Game loop error {"error":"Maximum call stack size exceeded"}
[13:42:04] ERROR    Game loop error
[2026-01-03T13:42:04.486Z] [ERROR] [Server] Game loop error {"error":"Maximum call stack size exceeded"}
[13:42:04] ERROR    Game loop error
[2026-01-03T13:42:04.514Z] [ERROR] [Server] Game loop error {"error":"Maximum call stack size exceeded"}
[13:42:04] ERROR    Game loop error
[2026-01-03T13:42:04.548Z] [ERROR] [Server] Game loop error {"error":"Maximum call stack size exceeded"}
[13:42:04] ERROR    Game loop error
[2026-01-03T13:42:04.578Z] [ERROR] [Server] Game loop error {"error":"Maximum call stack size exceeded"}
[13:42:04] ERROR    Game loop error
[2026-01-03T13:42:04.604Z] [ERROR] [Server] Game loop error {"error":"Maximum call stack size exceeded"}
[13:42:04] ERROR    Game loop error
[2026-01-03T13:42:04.633Z] [ERROR] [Server] Game loop error {"error":"Maximum call stack size exceeded"}
[13:42:04] ERROR    Game loop error
[2026-01-03T13:42:04.652Z] [ERROR] [Server] Game loop error {"error":"Maximum call stack size exceeded"}
[13:42:04] ERROR    Game loop error
[2026-01-03T13:42:04.682Z] [ERROR] [Server] Game loop error {"error":"Maximum call stack size exceeded"}
[13:42:04] ERROR    Game loop error
[2026-01-03T13:42:04.707Z] [ERROR] [Server] Game loop error {"error":"Maximum call stack size exceeded"}
[13:42:04] ERROR    Game loop error
[2026-01-03T13:42:04.739Z] [ERROR] [Server] Game loop error {"error":"Maximum call stack size exceeded"}
[13:42:04] ERROR    Game loop error
[2026-01-03T13:42:04.771Z] [ERROR] [Server] Game loop error {"error":"Maximum call stack size exceeded"}
[13:42:04] ERROR    Game loop error
[2026-01-03T13:42:04.803Z] [ERROR] [Server] Game loop error {"error":"Maximum call stack size exceeded"}
[13:42:04] ERROR    Game loop error
[2026-01-03T13:42:04.846Z] [ERROR] [Server] Game loop error {"error":"Maximum call stack size exceeded"}
[13:42:04] ERROR    Game loop error
[2026-01-03T13:42:04.875Z] [ERROR] [Server] Game loop error {"error":"Maximum call stack size exceeded"}
[13:42:04] ERROR    Game loop error
[2026-01-03T13:42:04.915Z] [ERROR] [Server] Game loop error {"error":"Maximum call stack size exceeded"}
[13:42:04] ERROR    Game loop error
[2026-01-03T13:42:04.940Z] [ERROR] [Server] Game loop error {"error":"Maximum call stack size exceeded"}
[13:42:04] ERROR    Game loop error
[2026-01-03T13:42:04.975Z] [ERROR] [Server] Game loop error {"error":"Maximum call stack size exceeded"}
[13:42:04] ERROR    Game loop error
[2026-01-03T13:42:05.008Z] [ERROR] [Server] Game loop error {"error":"Maximum call stack size exceeded"}
[13:42:05] ERROR    Game loop error
[2026-01-03T13:42:05.034Z] [ERROR] [Server] Game loop error {"error":"Maximum call stack size exceeded"}
[13:42:05] ERROR    Game loop error
[2026-01-03T13:42:05.069Z] [ERROR] [Server] Game loop error {"error":"Maximum call stack size exceeded"}
[13:42:05] ERROR    Game loop error
[2026-01-03T13:42:05.100Z] [ERROR] [Server] Game loop error {"error":"Maximum call stack size exceeded"}
[13:42:05] ERROR    Game loop error
[2026-01-03T13:42:05.135Z] [ERROR] [Server] Game loop error {"error":"Maximum call stack size exceeded"}
[13:42:05] ERROR    Game loop error
[2026-01-03T13:42:05.166Z] [ERROR] [Server] Game loop error {"error":"Maximum call stack size exceeded"}
[13:42:05] ERROR    Game loop error
[2026-01-03T13:42:05.203Z] [ERROR] [Server] Game loop error {"error":"Maximum call stack size exceeded"}
[13:42:05] ERROR    Game loop error
[2026-01-03T13:42:05.250Z] [ERROR] [Server] Game loop error {"error":"Maximum call stack size exceeded"}
[13:42:05] ERROR    Game loop error
[2026-01-03T13:42:05.290Z] [ERROR] [Server] Game loop error {"error":"Maximum call stack size exceeded"}
[13:42:05] ERROR    Game loop error
[2026-01-03T13:42:05.319Z] [ERROR] [Server] Game loop error {"error":"Maximum call stack size exceeded"}
[13:42:05] ERROR    Game loop error
[2026-01-03T13:42:05.351Z] [ERROR] [Server] Game loop error {"error":"Maximum call stack size exceeded"}
[13:42:05] ERROR    Game loop error
[2026-01-03T13:42:05.382Z] [ERROR] [Server] Game loop error {"error":"Maximum call stack size exceeded"}
[13:42:05] ERROR    Game loop error
[2026-01-03T13:42:05.410Z] [ERROR] [Server] Game loop error {"error":"Maximum call stack size exceeded"}
[13:42:05] ERROR    Game loop error
[2026-01-03T13:42:05.439Z] [ERROR] [Server] Game loop error {"error":"Maximum call stack size exceeded"}
[13:42:05] ERROR    Game loop error
[2026-01-03T13:42:05.471Z] [ERROR] [Server] Game loop error {"error":"Maximum call stack size exceeded"}
[13:42:05] ERROR    Game loop error
[2026-01-03T13:42:05.503Z] [ERROR] [Server] Game loop error {"error":"Maximum call stack size exceeded"}
[13:42:05] ERROR    Game loop error
[2026-01-03T13:42:05.530Z] [ERROR] [Server] Game loop error {"error":"Maximum call stack size exceeded"}
[13:42:05] ERROR    Game loop error
[2026-01-03T13:42:05.562Z] [ERROR] [Server] Game loop error {"error":"Maximum call stack size exceeded"}
[13:42:05] ERROR    Game loop error
[2026-01-03T13:42:05.591Z] [ERROR] [Server] Game loop error {"error":"Maximum call stack size exceeded"}
[13:42:05] ERROR    Game loop error
[2026-01-03T13:42:05.616Z] [ERROR] [Server] Game loop error {"error":"Maximum call stack size exceeded"}
[13:42:05] ERROR    Game loop error
[2026-01-03T13:42:05.656Z] [ERROR] [Server] Game loop error {"error":"Maximum call stack size exceeded"}
[13:42:05] ERROR    Game loop error
[2026-01-03T13:42:05.689Z] [ERROR] [Server] Game loop error {"error":"Maximum call stack size exceeded"}
[13:42:05] ERROR    Game loop error
[2026-01-03T13:42:05.720Z] [ERROR] [Server] Game loop error {"error":"Maximum call stack size exceeded"}
[13:42:05] ERROR    Game loop error
[2026-01-03T13:42:05.749Z] [ERROR] [Server] Game loop error {"error":"Maximum call stack size exceeded"}
[13:42:05] ERROR    Game loop error
[2026-01-03T13:42:05.780Z] [ERROR] [Server] Game loop error {"error":"Maximum call stack size exceeded"}
[13:42:05] ERROR    Game loop error
[2026-01-03T13:42:05.811Z] [ERROR] [Server] Game loop error {"error":"Maximum call stack size exceeded"}
[13:42:05] ERROR    Game loop error
[2026-01-03T13:42:05.844Z] [ERROR] [Server] Game loop error {"error":"Maximum call stack size exceeded"}
[13:42:05] ERROR    Game loop error
[2026-01-03T13:42:05.876Z] [ERROR] [Server] Game loop error {"error":"Maximum call stack size exceeded"}
[13:42:05] ERROR    Game loop error
[2026-01-03T13:42:05.903Z] [ERROR] [Server] Game loop error {"error":"Maximum call stack size exceeded"}
[13:42:05] ERROR    Game loop error
[2026-01-03T13:42:05.942Z] [ERROR] [Server] Game loop error {"error":"Maximum call stack size exceeded"}
[13:42:05] ERROR    Game loop error
[2026-01-03T13:42:05.982Z] [ERROR] [Server] Game loop error {"error":"Maximum call stack size exceeded"}
[13:42:05] ERROR    Game loop error
[2026-01-03T13:42:06.013Z] [ERROR] [Server] Game loop error {"error":"Maximum call stack size exceeded"}
[13:42:06] ERROR    Game loop error
[2026-01-03T13:42:06.045Z] [ERROR] [Server] Game loop error {"error":"Maximum call stack size exceeded"}
[13:42:06] ERROR    Game loop error
[2026-01-03T13:42:06.072Z] [ERROR] [Server] Game loop error {"error":"Maximum call stack size exceeded"}
[13:42:06] ERROR    Game loop error
[2026-01-03T13:42:06.105Z] [ERROR] [Server] Game loop error {"error":"Maximum call stack size exceeded"}
[13:42:06] ERROR    Game loop error
[2026-01-03T13:42:06.139Z] [ERROR] [Server] Game loop error {"error":"Maximum call stack size exceeded"}
[13:42:06] ERROR    Game loop error
[2026-01-03T13:42:06.167Z] [ERROR] [Server] Game loop error {"error":"Maximum call stack size exceeded"}
[13:42:06] ERROR    Game loop error
[2026-01-03T13:42:06.198Z] [ERROR] [Server] Game loop error {"error":"Maximum call stack size exceeded"}
[13:42:06] ERROR    Game loop error
[2026-01-03T13:42:06.230Z] [ERROR] [Server] Game loop error {"error":"Maximum call stack size exceeded"}
[13:42:06] ERROR    Game loop error
[2026-01-03T13:42:06.261Z] [ERROR] [Server] Game loop error {"error":"Maximum call stack size exceeded"}
[13:42:06] ERROR    Game loop error
[2026-01-03T13:42:06.299Z] [ERROR] [Server] Game loop error {"error":"Maximum call stack size exceeded"}
[13:42:06] ERROR    Game loop error
[2026-01-03T13:42:06.330Z] [ERROR] [Server] Game loop error {"error":"Maximum call stack size exceeded"}
[13:42:06] ERROR    Game loop error
[2026-01-03T13:42:06.375Z] [ERROR] [Server] Game loop error {"error":"Maximum call stack size exceeded"}
[13:42:06] ERROR    Game loop error
[2026-01-03T13:42:06.416Z] [ERROR] [Server] Game loop error {"error":"Maximum call stack size exceeded"}
[13:42:06] ERROR    Game loop error
[2026-01-03T13:42:06.445Z] [ERROR] [Server] Game loop error {"error":"Maximum call stack size exceeded"}
[13:42:06] ERROR    Game loop error
[2026-01-03T13:42:06.475Z] [ERROR] [Server] Game loop error {"error":"Maximum call stack size exceeded"}
[13:42:06] ERROR    Game loop error
[2026-01-03T13:42:06.506Z] [ERROR] [Server] Game loop error {"error":"Maximum call stack size exceeded"}
[13:42:06] ERROR    Game loop error
[2026-01-03T13:42:06.535Z] [ERROR] [Server] Game loop error {"error":"Maximum call stack size exceeded"}
[13:42:06] ERROR    Game loop error
[2026-01-03T13:42:06.570Z] [ERROR] [Server] Game loop error {"error":"Maximum call stack size exceeded"}
[13:42:06] ERROR    Game loop error
[2026-01-03T13:42:06.598Z] [ERROR] [Server] Game loop error {"error":"Maximum call stack size exceeded"}
[13:42:06] ERROR    Game loop error
[2026-01-03T13:42:06.626Z] [ERROR] [Server] Game loop error {"error":"Maximum call stack size exceeded"}
[13:42:06] ERROR    Game loop error
[2026-01-03T13:42:06.653Z] [ERROR] [Server] Game loop error {"error":"Maximum call stack size exceeded"}
[13:42:06] ERROR    Game loop error
[2026-01-03T13:42:06.691Z] [ERROR] [Server] Game loop error {"error":"Maximum call stack size exceeded"}
[13:42:06] ERROR    Game loop error
[2026-01-03T13:42:06.723Z] [ERROR] [Server] Game loop error {"error":"Maximum call stack size exceeded"}
[13:42:06] ERROR    Game loop error
[2026-01-03T13:42:06.752Z] [ERROR] [Server] Game loop error {"error":"Maximum call stack size exceeded"}
[13:42:06] ERROR    Game loop error
[2026-01-03T13:42:06.787Z] [ERROR] [Server] Game loop error {"error":"Maximum call stack size exceeded"}
[13:42:06] ERROR    Game loop error
[2026-01-03T13:42:06.814Z] [ERROR] [Server] Game loop error {"error":"Maximum call stack size exceeded"}
[13:42:06] ERROR    Game loop error
[2026-01-03T13:42:06.843Z] [ERROR] [Server] Game loop error {"error":"Maximum call stack size exceeded"}
[13:42:06] ERROR    Game loop error
[2026-01-03T13:42:06.880Z] [ERROR] [Server] Game loop error {"error":"Maximum call stack size exceeded"}
[13:42:06] ERROR    Game loop error
[2026-01-03T13:42:06.902Z] [ERROR] [Server] Game loop error {"error":"Maximum call stack size exceeded"}
[13:42:06] ERROR    Game loop error
[2026-01-03T13:42:06.938Z] [ERROR] [Server] Game loop error {"error":"Maximum call stack size exceeded"}
[13:42:06] ERROR    Game loop error
[2026-01-03T13:42:06.971Z] [ERROR] [Server] Game loop error {"error":"Maximum call stack size exceeded"}
[13:42:06] ERROR    Game loop error
[2026-01-03T13:42:06.996Z] [ERROR] [Server] Game loop error {"error":"Maximum call stack size exceeded"}
[13:42:06] ERROR    Game loop error
[2026-01-03T13:42:07.032Z] [ERROR] [Server] Game loop error {"error":"Maximum call stack size exceeded"}
[13:42:07] ERROR    Game loop error
[2026-01-03T13:42:07.062Z] [ERROR] [Server] Game loop error {"error":"Maximum call stack size exceeded"}
[13:42:07] ERROR    Game loop error
[2026-01-03T13:42:07.085Z] [ERROR] [Server] Game loop error {"error":"Maximum call stack size exceeded"}
[13:42:07] ERROR    Game loop error
[2026-01-03T13:42:07.109Z] [ERROR] [Server] Game loop error {"error":"Maximum call stack size exceeded"}
[13:42:07] ERROR    Game loop error
[2026-01-03T13:42:07.135Z] [ERROR] [Server] Game loop error {"error":"Maximum call stack size exceeded"}
[13:42:07] ERROR    Game loop error
[2026-01-03T13:42:07.171Z] [ERROR] [Server] Game loop error {"error":"Maximum call stack size exceeded"}
[13:42:07] ERROR    Game loop error
[2026-01-03T13:42:07.197Z] [ERROR] [Server] Game loop error {"error":"Maximum call stack size exceeded"}
[13:42:07] ERROR    Game loop error
[2026-01-03T13:42:07.222Z] [ERROR] [Server] Game loop error {"error":"Maximum call stack size exceeded"}
[13:42:07] ERROR    Game loop error
[2026-01-03T13:42:07.257Z] [ERROR] [Server] Game loop error {"error":"Maximum call stack size exceeded"}
[13:42:07] ERROR    Game loop error
[2026-01-03T13:42:07.286Z] [ERROR] [Server] Game loop error {"error":"Maximum call stack size exceeded"}
[13:42:07] ERROR    Game loop error
[2026-01-03T13:42:07.323Z] [ERROR] [Server] Game loop error {"error":"Maximum call stack size exceeded"}
[13:42:07] ERROR    Game loop error
[2026-01-03T13:42:07.354Z] [ERROR] [Server] Game loop error {"error":"Maximum call stack size exceeded"}
[13:42:07] ERROR    Game loop error
[2026-01-03T13:42:07.383Z] [ERROR] [Server] Game loop error {"error":"Maximum call stack size exceeded"}
[13:42:07] ERROR    Game loop error
[2026-01-03T13:42:07.409Z] [ERROR] [Server] Game loop error {"error":"Maximum call stack size exceeded"}
[13:42:07] ERROR    Game loop error
[2026-01-03T13:42:07.448Z] [ERROR] [Server] Game loop error {"error":"Maximum call stack size exceeded"}
[13:42:07] ERROR    Game loop error
[2026-01-03T13:42:07.480Z] [ERROR] [Server] Game loop error {"error":"Maximum call stack size exceeded"}
[13:42:07] ERROR    Game loop error
[2026-01-03T13:42:07.506Z] [ERROR] [Server] Game loop error {"error":"Maximum call stack size exceeded"}
[13:42:07] ERROR    Game loop error
[2026-01-03T13:42:07.537Z] [ERROR] [Server] Game loop error {"error":"Maximum call stack size exceeded"}
[13:42:07] ERROR    Game loop error
[2026-01-03T13:42:07.570Z] [ERROR] [Server] Game loop error {"error":"Maximum call stack size exceeded"}
[13:42:07] ERROR    Game loop error
[2026-01-03T13:42:07.595Z] [ERROR] [Server] Game loop error {"error":"Maximum call stack size exceeded"}
[13:42:07] ERROR    Game loop error
[2026-01-03T13:42:07.625Z] [ERROR] [Server] Game loop error {"error":"Maximum call stack size exceeded"}
[13:42:07] ERROR    Game loop error
[2026-01-03T13:42:07.650Z] [ERROR] [Server] Game loop error {"error":"Maximum call stack size exceeded"}
[13:42:07] ERROR    Game loop error
[2026-01-03T13:42:07.673Z] [ERROR] [Server] Game loop error {"error":"Maximum call stack size exceeded"}
[13:42:07] ERROR    Game loop error
[2026-01-03T13:42:07.696Z] [ERROR] [Server] Game loop error {"error":"Maximum call stack size exceeded"}
[13:42:07] ERROR    Game loop error
[2026-01-03T13:42:07.722Z] [ERROR] [Server] Game loop error {"error":"Maximum call stack size exceeded"}
[13:42:07] ERROR    Game loop error
[2026-01-03T13:42:07.749Z] [ERROR] [Server] Game loop error {"error":"Maximum call stack size exceeded"}
[13:42:07] ERROR    Game loop error
[2026-01-03T13:42:07.784Z] [ERROR] [Server] Game loop error {"error":"Maximum call stack size exceeded"}
[13:42:07] ERROR    Game loop error
[2026-01-03T13:42:07.818Z] [ERROR] [Server] Game loop error {"error":"Maximum call stack size exceeded"}
[13:42:07] ERROR    Game loop error
[2026-01-03T13:42:07.847Z] [ERROR] [Server] Game loop error {"error":"Maximum call stack size exceeded"}
[13:42:07] ERROR    Game loop error
[2026-01-03T13:42:07.884Z] [ERROR] [Server] Game loop error {"error":"Maximum call stack size exceeded"}
[13:42:07] ERROR    Game loop error
[2026-01-03T13:42:07.909Z] [ERROR] [Server] Game loop error {"error":"Maximum call stack size exceeded"}
[13:42:07] ERROR    Game loop error
[2026-01-03T13:42:07.942Z] [ERROR] [Server] Game loop error {"error":"Maximum call stack size exceeded"}
[13:42:07] ERROR    Game loop error
[2026-01-03T13:42:07.976Z] [ERROR] [Server] Game loop error {"error":"Maximum call stack size exceeded"}
[13:42:07] ERROR    Game loop error
[2026-01-03T13:42:08.001Z] [ERROR] [Server] Game loop error {"error":"Maximum call stack size exceeded"}
[13:42:08] ERROR    Game loop error
[2026-01-03T13:42:08.025Z] [ERROR] [Server] Game loop error {"error":"Maximum call stack size exceeded"}
[13:42:08] ERROR    Game loop error
[2026-01-03T13:42:08.062Z] [ERROR] [Server] Game loop error {"error":"Maximum call stack size exceeded"}
[13:42:08] ERROR    Game loop error
[2026-01-03T13:42:08.096Z] [ERROR] [Server] Game loop error {"error":"Maximum call stack size exceeded"}
[13:42:08] ERROR    Game loop error
[2026-01-03T13:42:08.120Z] [ERROR] [Server] Game loop error {"error":"Maximum call stack size exceeded"}
[13:42:08] ERROR    Game loop error
[2026-01-03T13:42:08.154Z] [ERROR] [Server] Game loop error {"error":"Maximum call stack size exceeded"}
[13:42:08] ERROR    Game loop error
[2026-01-03T13:42:08.189Z] [ERROR] [Server] Game loop error {"error":"Maximum call stack size exceeded"}
[13:42:08] ERROR    Game loop error
[2026-01-03T13:42:08.212Z] [ERROR] [Server] Game loop error {"error":"Maximum call stack size exceeded"}
[13:42:08] ERROR    Game loop error
[2026-01-03T13:42:08.253Z] [ERROR] [Server] Game loop error {"error":"Maximum call stack size exceeded"}
[13:42:08] ERROR    Game loop error
[2026-01-03T13:42:08.276Z] [ERROR] [Server] Game loop error {"error":"Maximum call stack size exceeded"}
[13:42:08] ERROR    Game loop error
[2026-01-03T13:42:08.316Z] [ERROR] [Server] Game loop error {"error":"Maximum call stack size exceeded"}
[13:42:08] ERROR    Game loop error
[2026-01-03T13:42:08.345Z] [ERROR] [Server] Game loop error {"error":"Maximum call stack size exceeded"}
[13:42:08] ERROR    Game loop error
[2026-01-03T13:42:08.370Z] [ERROR] [Server] Game loop error {"error":"Maximum call stack size exceeded"}
[13:42:08] ERROR    Game loop error
[2026-01-03T13:42:08.397Z] [ERROR] [Server] Game loop error {"error":"Maximum call stack size exceeded"}
[13:42:08] ERROR    Game loop error
[2026-01-03T13:42:08.438Z] [ERROR] [Server] Game loop error {"error":"Maximum call stack size exceeded"}
[13:42:08] ERROR    Game loop error
[2026-01-03T13:42:08.465Z] [ERROR] [Server] Game loop error {"error":"Maximum call stack size exceeded"}
[13:42:08] ERROR    Game loop error
[2026-01-03T13:42:08.491Z] [ERROR] [Server] Game loop error {"error":"Maximum call stack size exceeded"}
[13:42:08] ERROR    Game loop error
[2026-01-03T13:42:08.533Z] [ERROR] [Server] Game loop error {"error":"Maximum call stack size exceeded"}
[13:42:08] ERROR    Game loop error
[2026-01-03T13:42:08.562Z] [ERROR] [Server] Game loop error {"error":"Maximum call stack size exceeded"}
[13:42:08] ERROR    Game loop error
[2026-01-03T13:42:08.588Z] [ERROR] [Server] Game loop error {"error":"Maximum call stack size exceeded"}
[13:42:08] ERROR    Game loop error
[2026-01-03T13:42:08.618Z] [ERROR] [Server] Game loop error {"error":"Maximum call stack size exceeded"}
[13:42:08] ERROR    Game loop error
[2026-01-03T13:42:08.653Z] [ERROR] [Server] Game loop error {"error":"Maximum call stack size exceeded"}
[13:42:08] ERROR    Game loop error
[2026-01-03T13:42:08.683Z] [ERROR] [Server] Game loop error {"error":"Maximum call stack size exceeded"}
[13:42:08] ERROR    Game loop error
[2026-01-03T13:42:08.713Z] [ERROR] [Server] Game loop error {"error":"Maximum call stack size exceeded"}
[13:42:08] ERROR    Game loop error
[2026-01-03T13:42:08.741Z] [ERROR] [Server] Game loop error {"error":"Maximum call stack size exceeded"}
[13:42:08] ERROR    Game loop error
[2026-01-03T13:42:08.766Z] [ERROR] [Server] Game loop error {"error":"Maximum call stack size exceeded"}
[13:42:08] ERROR    Game loop error
[2026-01-03T13:42:08.810Z] [ERROR] [Server] Game loop error {"error":"Maximum call stack size exceeded"}
[13:42:08] ERROR    Game loop error
[2026-01-03T13:42:08.841Z] [ERROR] [Server] Game loop error {"error":"Maximum call stack size exceeded"}
[13:42:08] ERROR    Game loop error
[2026-01-03T13:42:08.888Z] [ERROR] [Server] Game loop error {"error":"Maximum call stack size exceeded"}
[13:42:08] ERROR    Game loop error
[2026-01-03T13:42:08.927Z] [ERROR] [Server] Game loop error {"error":"Maximum call stack size exceeded"}
[13:42:08] ERROR    Game loop error
[2026-01-03T13:42:08.963Z] [ERROR] [Server] Game loop error {"error":"Maximum call stack size exceeded"}
[13:42:08] ERROR    Game loop error
[2026-01-03T13:42:08.990Z] [ERROR] [Server] Game loop error {"error":"Maximum call stack size exceeded"}
[13:42:08] ERROR    Game loop error
[2026-01-03T13:42:09.016Z] [ERROR] [Server] Game loop error {"error":"Maximum call stack size exceeded"}
[13:42:09] ERROR    Game loop error
[2026-01-03T13:42:09.049Z] [ERROR] [Server] Game loop error {"error":"Maximum call stack size exceeded"}
[13:42:09] ERROR    Game loop error
[2026-01-03T13:42:09.080Z] [ERROR] [Server] Game loop error {"error":"Maximum call stack size exceeded"}
[13:42:09] ERROR    Game loop error
[2026-01-03T13:42:09.110Z] [ERROR] [Server] Game loop error {"error":"Maximum call stack size exceeded"}
[13:42:09] ERROR    Game loop error
[2026-01-03T13:42:09.144Z] [ERROR] [Server] Game loop error {"error":"Maximum call stack size exceeded"}
[13:42:09] ERROR    Game loop error
[2026-01-03T13:42:09.174Z] [ERROR] [Server] Game loop error {"error":"Maximum call stack size exceeded"}
[13:42:09] ERROR    Game loop error
[2026-01-03T13:42:09.201Z] [ERROR] [Server] Game loop error {"error":"Maximum call stack size exceeded"}
[13:42:09] ERROR    Game loop error
[2026-01-03T13:42:09.242Z] [ERROR] [Server] Game loop error {"error":"Maximum call stack size exceeded"}
[13:42:09] ERROR    Game loop error
[2026-01-03T13:42:09.267Z] [ERROR] [Server] Game loop error {"error":"Maximum call stack size exceeded"}
[13:42:09] ERROR    Game loop error
[2026-01-03T13:42:09.302Z] [ERROR] [Server] Game loop error {"error":"Maximum call stack size exceeded"}
[13:42:09] ERROR    Game loop error
[2026-01-03T13:42:09.329Z] [ERROR] [Server] Game loop error {"error":"Maximum call stack size exceeded"}
[13:42:09] ERROR    Game loop error
[2026-01-03T13:42:09.361Z] [ERROR] [Server] Game loop error {"error":"Maximum call stack size exceeded"}
[13:42:09] ERROR    Game loop error
[2026-01-03T13:42:09.394Z] [ERROR] [Server] Game loop error {"error":"Maximum call stack size exceeded"}
[13:42:09] ERROR    Game loop error
[2026-01-03T13:42:09.422Z] [ERROR] [Server] Game loop error {"error":"Maximum call stack size exceeded"}
[13:42:09] ERROR    Game loop error
[2026-01-03T13:42:09.456Z] [ERROR] [Server] Game loop error {"error":"Maximum call stack size exceeded"}
[13:42:09] ERROR    Game loop error
[2026-01-03T13:42:09.489Z] [ERROR] [Server] Game loop error {"error":"Maximum call stack size exceeded"}
[13:42:09] ERROR    Game loop error
[2026-01-03T13:42:09.519Z] [ERROR] [Server] Game loop error {"error":"Maximum call stack size exceeded"}
[13:42:09] ERROR    Game loop error
[2026-01-03T13:42:09.550Z] [ERROR] [Server] Game loop error {"error":"Maximum call stack size exceeded"}
[13:42:09] ERROR    Game loop error
[2026-01-03T13:42:09.579Z] [ERROR] [Server] Game loop error {"error":"Maximum call stack size exceeded"}
[13:42:09] ERROR    Game loop error
[2026-01-03T13:42:09.613Z] [ERROR] [Server] Game loop error {"error":"Maximum call stack size exceeded"}
[13:42:09] ERROR    Game loop error
[2026-01-03T13:42:09.639Z] [ERROR] [Server] Game loop error {"error":"Maximum call stack size exceeded"}
[13:42:09] ERROR    Game loop error
[2026-01-03T13:42:09.672Z] [ERROR] [Server] Game loop error {"error":"Maximum call stack size exceeded"}
[13:42:09] ERROR    Game loop error
[2026-01-03T13:42:09.702Z] [ERROR] [Server] Game loop error {"error":"Maximum call stack size exceeded"}
[13:42:09] ERROR    Game loop error
[2026-01-03T13:42:09.728Z] [ERROR] [Server] Game loop error {"error":"Maximum call stack size exceeded"}
[13:42:09] ERROR    Game loop error
[2026-01-03T13:42:09.757Z] [ERROR] [Server] Game loop error {"error":"Maximum call stack size exceeded"}
[13:42:09] ERROR    Game loop error
[2026-01-03T13:42:09.800Z] [ERROR] [Server] Game loop error {"error":"Maximum call stack size exceeded"}
[13:42:09] ERROR    Game loop error
[2026-01-03T13:42:09.845Z] [ERROR] [Server] Game loop error {"error":"Maximum call stack size exceeded"}
[13:42:09] ERROR    Game loop error
[2026-01-03T13:42:09.895Z] [ERROR] [Server] Game loop error {"error":"Maximum call stack size exceeded"}
[13:42:09] ERROR    Game loop error
[2026-01-03T13:42:09.926Z] [ERROR] [Server] Game loop error {"error":"Maximum call stack size exceeded"}
[13:42:09] ERROR    Game loop error
[2026-01-03T13:42:09.956Z] [ERROR] [Server] Game loop error {"error":"Maximum call stack size exceeded"}
[13:42:09] ERROR    Game loop error
[2026-01-03T13:42:09.987Z] [ERROR] [Server] Game loop error {"error":"Maximum call stack size exceeded"}
[13:42:09] ERROR    Game loop error
[2026-01-03T13:42:10.025Z] [ERROR] [Server] Game loop error {"error":"Maximum call stack size exceeded"}
[13:42:10] ERROR    Game loop error
[2026-01-03T13:42:10.057Z] [ERROR] [Server] Game loop error {"error":"Maximum call stack size exceeded"}
[13:42:10] ERROR    Game loop error
[2026-01-03T13:42:10.084Z] [ERROR] [Server] Game loop error {"error":"Maximum call stack size exceeded"}
[13:42:10] ERROR    Game loop error
[2026-01-03T13:42:10.118Z] [ERROR] [Server] Game loop error {"error":"Maximum call stack size exceeded"}
[13:42:10] ERROR    Game loop error
[2026-01-03T13:42:10.150Z] [ERROR] [Server] Game loop error {"error":"Maximum call stack size exceeded"}
[13:42:10] ERROR    Game loop error
[2026-01-03T13:42:10.175Z] [ERROR] [Server] Game loop error {"error":"Maximum call stack size exceeded"}
[13:42:10] ERROR    Game loop error
[2026-01-03T13:42:10.202Z] [ERROR] [Server] Game loop error {"error":"Maximum call stack size exceeded"}
[13:42:10] ERROR    Game loop error
[2026-01-03T13:42:10.238Z] [ERROR] [Server] Game loop error {"error":"Maximum call stack size exceeded"}
[13:42:10] ERROR    Game loop error
[2026-01-03T13:42:10.269Z] [ERROR] [Server] Game loop error {"error":"Maximum call stack size exceeded"}
[13:42:10] ERROR    Game loop error
[2026-01-03T13:42:10.299Z] [ERROR] [Server] Game loop error {"error":"Maximum call stack size exceeded"}
[13:42:10] ERROR    Game loop error
[2026-01-03T13:42:10.333Z] [ERROR] [Server] Game loop error {"error":"Maximum call stack size exceeded"}
[13:42:10] ERROR    Game loop error
[2026-01-03T13:42:10.359Z] [ERROR] [Server] Game loop error {"error":"Maximum call stack size exceeded"}
[13:42:10] ERROR    Game loop error
[2026-01-03T13:42:10.391Z] [ERROR] [Server] Game loop error {"error":"Maximum call stack size exceeded"}
[13:42:10] ERROR    Game loop error
[2026-01-03T13:42:10.413Z] [ERROR] [Server] Game loop error {"error":"Maximum call stack size exceeded"}
[13:42:10] ERROR    Game loop error
[2026-01-03T13:42:10.438Z] [ERROR] [Server] Game loop error {"error":"Maximum call stack size exceeded"}
[13:42:10] ERROR    Game loop error
[2026-01-03T13:42:10.472Z] [ERROR] [Server] Game loop error {"error":"Maximum call stack size exceeded"}
[13:42:10] ERROR    Game loop error
[2026-01-03T13:42:10.495Z] [ERROR] [Server] Game loop error {"error":"Maximum call stack size exceeded"}
[13:42:10] ERROR    Game loop error
[2026-01-03T13:42:10.515Z] [ERROR] [Server] Game loop error {"error":"Maximum call stack size exceeded"}
[13:42:10] ERROR    Game loop error
[2026-01-03T13:42:10.547Z] [ERROR] [Server] Game loop error {"error":"Maximum call stack size exceeded"}
[13:42:10] ERROR    Game loop error
[2026-01-03T13:42:10.583Z] [ERROR] [Server] Game loop error {"error":"Maximum call stack size exceeded"}
[13:42:10] ERROR    Game loop error
[2026-01-03T13:42:10.606Z] [ERROR] [Server] Game loop error {"error":"Maximum call stack size exceeded"}
[13:42:10] ERROR    Game loop error
[2026-01-03T13:42:10.642Z] [ERROR] [Server] Game loop error {"error":"Maximum call stack size exceeded"}
[13:42:10] ERROR    Game loop error
[2026-01-03T13:42:10.671Z] [ERROR] [Server] Game loop error {"error":"Maximum call stack size exceeded"}
[13:42:10] ERROR    Game loop error
[2026-01-03T13:42:10.708Z] [ERROR] [Server] Game loop error {"error":"Maximum call stack size exceeded"}
[13:42:10] ERROR    Game loop error
[2026-01-03T13:42:10.740Z] [ERROR] [Server] Game loop error {"error":"Maximum call stack size exceeded"}
[13:42:10] ERROR    Game loop error
[2026-01-03T13:42:10.768Z] [ERROR] [Server] Game loop error {"error":"Maximum call stack size exceeded"}
[13:42:10] ERROR    Game loop error
[2026-01-03T13:42:10.803Z] [ERROR] [Server] Game loop error {"error":"Maximum call stack size exceeded"}
[13:42:10] ERROR    Game loop error
[2026-01-03T13:42:10.828Z] [ERROR] [Server] Game loop error {"error":"Maximum call stack size exceeded"}
[13:42:10] ERROR    Game loop error
[2026-01-03T13:42:10.860Z] [ERROR] [Server] Game loop error {"error":"Maximum call stack size exceeded"}
[13:42:10] ERROR    Game loop error
[2026-01-03T13:42:10.889Z] [ERROR] [Server] Game loop error {"error":"Maximum call stack size exceeded"}
[13:42:10] ERROR    Game loop error
[2026-01-03T13:42:10.920Z] [ERROR] [Server] Game loop error {"error":"Maximum call stack size exceeded"}
[13:42:10] ERROR    Game loop error
[2026-01-03T13:42:10.956Z] [ERROR] [Server] Game loop error {"error":"Maximum call stack size exceeded"}
[13:42:10] ERROR    Game loop error
[2026-01-03T13:42:10.984Z] [ERROR] [Server] Game loop error {"error":"Maximum call stack size exceeded"}
[13:42:10] ERROR    Game loop error
[2026-01-03T13:42:11.015Z] [ERROR] [Server] Game loop error {"error":"Maximum call stack size exceeded"}
[13:42:11] ERROR    Game loop error
[2026-01-03T13:42:11.040Z] [ERROR] [Server] Game loop error {"error":"Maximum call stack size exceeded"}
[13:42:11] ERROR    Game loop error
[2026-01-03T13:42:11.075Z] [ERROR] [Server] Game loop error {"error":"Maximum call stack size exceeded"}
[13:42:11] ERROR    Game loop error
[2026-01-03T13:42:11.110Z] [ERROR] [Server] Game loop error {"error":"Maximum call stack size exceeded"}
[13:42:11] ERROR    Game loop error
[2026-01-03T13:42:11.132Z] [ERROR] [Server] Game loop error {"error":"Maximum call stack size exceeded"}
[13:42:11] ERROR    Game loop error
[2026-01-03T13:42:11.167Z] [ERROR] [Server] Game loop error {"error":"Maximum call stack size exceeded"}
[13:42:11] ERROR    Game loop error
[2026-01-03T13:42:11.194Z] [ERROR] [Server] Game loop error {"error":"Maximum call stack size exceeded"}
[13:42:11] ERROR    Game loop error
[2026-01-03T13:42:11.229Z] [ERROR] [Server] Game loop error {"error":"Maximum call stack size exceeded"}
[13:42:11] ERROR    Game loop error
[2026-01-03T13:42:11.258Z] [ERROR] [Server] Game loop error {"error":"Maximum call stack size exceeded"}
[13:42:11] ERROR    Game loop error
[2026-01-03T13:42:11.285Z] [ERROR] [Server] Game loop error {"error":"Maximum call stack size exceeded"}
[13:42:11] ERROR    Game loop error
[2026-01-03T13:42:11.322Z] [ERROR] [Server] Game loop error {"error":"Maximum call stack size exceeded"}
[13:42:11] ERROR    Game loop error
[2026-01-03T13:42:11.353Z] [ERROR] [Server] Game loop error {"error":"Maximum call stack size exceeded"}
[13:42:11] ERROR    Game loop error
[2026-01-03T13:42:11.376Z] [ERROR] [Server] Game loop error {"error":"Maximum call stack size exceeded"}
[13:42:11] ERROR    Game loop error
[2026-01-03T13:42:11.417Z] [ERROR] [Server] Game loop error {"error":"Maximum call stack size exceeded"}
[13:42:11] ERROR    Game loop error
[2026-01-03T13:42:11.444Z] [ERROR] [Server] Game loop error {"error":"Maximum call stack size exceeded"}
[13:42:11] ERROR    Game loop error
[2026-01-03T13:42:11.474Z] [ERROR] [Server] Game loop error {"error":"Maximum call stack size exceeded"}
[13:42:11] ERROR    Game loop error
[2026-01-03T13:42:11.500Z] [ERROR] [Server] Game loop error {"error":"Maximum call stack size exceeded"}
[13:42:11] ERROR    Game loop error
[2026-01-03T13:42:11.538Z] [ERROR] [Server] Game loop error {"error":"Maximum call stack size exceeded"}
[13:42:11] ERROR    Game loop error
[2026-01-03T13:42:11.561Z] [ERROR] [Server] Game loop error {"error":"Maximum call stack size exceeded"}
[13:42:11] ERROR    Game loop error
[2026-01-03T13:42:11.586Z] [ERROR] [Server] Game loop error {"error":"Maximum call stack size exceeded"}
[13:42:11] ERROR    Game loop error
[2026-01-03T13:42:11.628Z] [ERROR] [Server] Game loop error {"error":"Maximum call stack size exceeded"}
[13:42:11] ERROR    Game loop error
[2026-01-03T13:42:11.659Z] [ERROR] [Server] Game loop error {"error":"Maximum call stack size exceeded"}
[13:42:11] ERROR    Game loop error
[2026-01-03T13:42:11.685Z] [ERROR] [Server] Game loop error {"error":"Maximum call stack size exceeded"}
[13:42:11] ERROR    Game loop error
[2026-01-03T13:42:11.717Z] [ERROR] [Server] Game loop error {"error":"Maximum call stack size exceeded"}
[13:42:11] ERROR    Game loop error
[2026-01-03T13:42:11.749Z] [ERROR] [Server] Game loop error {"error":"Maximum call stack size exceeded"}
[13:42:11] ERROR    Game loop error
[2026-01-03T13:42:11.781Z] [ERROR] [Server] Game loop error {"error":"Maximum call stack size exceeded"}
[13:42:11] ERROR    Game loop error
[2026-01-03T13:42:11.812Z] [ERROR] [Server] Game loop error {"error":"Maximum call stack size exceeded"}
[13:42:11] ERROR    Game loop error
[2026-01-03T13:42:11.844Z] [ERROR] [Server] Game loop error {"error":"Maximum call stack size exceeded"}
[13:42:11] ERROR    Game loop error
[2026-01-03T13:42:11.886Z] [ERROR] [Server] Game loop error {"error":"Maximum call stack size exceeded"}
[13:42:11] ERROR    Game loop error
[2026-01-03T13:42:11.921Z] [ERROR] [Server] Game loop error {"error":"Maximum call stack size exceeded"}
[13:42:11] ERROR    Game loop error
[2026-01-03T13:42:11.950Z] [ERROR] [Server] Game loop error {"error":"Maximum call stack size exceeded"}
[13:42:11] ERROR    Game loop error
[2026-01-03T13:42:11.978Z] [ERROR] [Server] Game loop error {"error":"Maximum call stack size exceeded"}
[13:42:11] ERROR    Game loop error
[2026-01-03T13:42:12.015Z] [ERROR] [Server] Game loop error {"error":"Maximum call stack size exceeded"}
[13:42:12] ERROR    Game loop error
[2026-01-03T13:42:12.047Z] [ERROR] [Server] Game loop error {"error":"Maximum call stack size exceeded"}
[13:42:12] ERROR    Game loop error
[2026-01-03T13:42:12.074Z] [ERROR] [Server] Game loop error {"error":"Maximum call stack size exceeded"}
[13:42:12] ERROR    Game loop error
[2026-01-03T13:42:12.104Z] [ERROR] [Server] Game loop error {"error":"Maximum call stack size exceeded"}
[13:42:12] ERROR    Game loop error
[2026-01-03T13:42:12.134Z] [ERROR] [Server] Game loop error {"error":"Maximum call stack size exceeded"}
[13:42:12] ERROR    Game loop error
[2026-01-03T13:42:12.163Z] [ERROR] [Server] Game loop error {"error":"Maximum call stack size exceeded"}
[13:42:12] ERROR    Game loop error
[2026-01-03T13:42:12.192Z] [ERROR] [Server] Game loop error {"error":"Maximum call stack size exceeded"}
[13:42:12] ERROR    Game loop error
[2026-01-03T13:42:12.215Z] [ERROR] [Server] Game loop error {"error":"Maximum call stack size exceeded"}
[13:42:12] ERROR    Game loop error
[2026-01-03T13:42:12.236Z] [ERROR] [Server] Game loop error {"error":"Maximum call stack size exceeded"}
[13:42:12] ERROR    Game loop error
[2026-01-03T13:42:12.273Z] [ERROR] [Server] Game loop error {"error":"Maximum call stack size exceeded"}
[13:42:12] ERROR    Game loop error
[2026-01-03T13:42:12.307Z] [ERROR] [Server] Game loop error {"error":"Maximum call stack size exceeded"}
[13:42:12] ERROR    Game loop error
[2026-01-03T13:42:12.340Z] [ERROR] [Server] Game loop error {"error":"Maximum call stack size exceeded"}
[13:42:12] ERROR    Game loop error
[2026-01-03T13:42:12.366Z] [ERROR] [Server] Game loop error {"error":"Maximum call stack size exceeded"}
[13:42:12] ERROR    Game loop error
[2026-01-03T13:42:12.398Z] [ERROR] [Server] Game loop error {"error":"Maximum call stack size exceeded"}
[13:42:12] ERROR    Game loop error
[2026-01-03T13:42:12.423Z] [ERROR] [Server] Game loop error {"error":"Maximum call stack size exceeded"}
[13:42:12] ERROR    Game loop error
[2026-01-03T13:42:12.459Z] [ERROR] [Server] Game loop error {"error":"Maximum call stack size exceeded"}
[13:42:12] ERROR    Game loop error
[2026-01-03T13:42:12.485Z] [ERROR] [Server] Game loop error {"error":"Maximum call stack size exceeded"}
[13:42:12] ERROR    Game loop error
[2026-01-03T13:42:12.522Z] [ERROR] [Server] Game loop error {"error":"Maximum call stack size exceeded"}
[13:42:12] ERROR    Game loop error
[2026-01-03T13:42:12.549Z] [ERROR] [Server] Game loop error {"error":"Maximum call stack size exceeded"}
[13:42:12] ERROR    Game loop error
[2026-01-03T13:42:12.585Z] [ERROR] [Server] Game loop error {"error":"Maximum call stack size exceeded"}
[13:42:12] ERROR    Game loop error
[2026-01-03T13:42:12.611Z] [ERROR] [Server] Game loop error {"error":"Maximum call stack size exceeded"}
[13:42:12] ERROR    Game loop error
[2026-01-03T13:42:12.645Z] [ERROR] [Server] Game loop error {"error":"Maximum call stack size exceeded"}
[13:42:12] ERROR    Game loop error
[2026-01-03T13:42:12.667Z] [ERROR] [Server] Game loop error {"error":"Maximum call stack size exceeded"}
[13:42:12] ERROR    Game loop error
[2026-01-03T13:42:12.694Z] [ERROR] [Server] Game loop error {"error":"Maximum call stack size exceeded"}
[13:42:12] ERROR    Game loop error
[2026-01-03T13:42:12.725Z] [ERROR] [Server] Game loop error {"error":"Maximum call stack size exceeded"}
[13:42:12] ERROR    Game loop error
[2026-01-03T13:42:12.755Z] [ERROR] [Server] Game loop error {"error":"Maximum call stack size exceeded"}
[13:42:12] ERROR    Game loop error
[2026-01-03T13:42:12.789Z] [ERROR] [Server] Game loop error {"error":"Maximum call stack size exceeded"}
[13:42:12] ERROR    Game loop error
[2026-01-03T13:42:12.819Z] [ERROR] [Server] Game loop error {"error":"Maximum call stack size exceeded"}
[13:42:12] ERROR    Game loop error
[2026-01-03T13:42:12.857Z] [ERROR] [Server] Game loop error {"error":"Maximum call stack size exceeded"}
[13:42:12] ERROR    Game loop error
[2026-01-03T13:42:12.887Z] [ERROR] [Server] Game loop error {"error":"Maximum call stack size exceeded"}
[13:42:12] ERROR    Game loop error
[2026-01-03T13:42:12.912Z] [ERROR] [Server] Game loop error {"error":"Maximum call stack size exceeded"}
[13:42:12] ERROR    Game loop error
[2026-01-03T13:42:12.946Z] [ERROR] [Server] Game loop error {"error":"Maximum call stack size exceeded"}
[13:42:12] ERROR    Game loop error
[2026-01-03T13:42:12.973Z] [ERROR] [Server] Game loop error {"error":"Maximum call stack size exceeded"}
[13:42:12] ERROR    Game loop error
[2026-01-03T13:42:13.005Z] [ERROR] [Server] Game loop error {"error":"Maximum call stack size exceeded"}
[13:42:13] ERROR    Game loop error
[2026-01-03T13:42:13.039Z] [ERROR] [Server] Game loop error {"error":"Maximum call stack size exceeded"}
[13:42:13] ERROR    Game loop error
[2026-01-03T13:42:13.070Z] [ERROR] [Server] Game loop error {"error":"Maximum call stack size exceeded"}
[13:42:13] ERROR    Game loop error
[2026-01-03T13:42:13.096Z] [ERROR] [Server] Game loop error {"error":"Maximum call stack size exceeded"}
[13:42:13] ERROR    Game loop error
[2026-01-03T13:42:13.132Z] [ERROR] [Server] Game loop error {"error":"Maximum call stack size exceeded"}
[13:42:13] ERROR    Game loop error
[2026-01-03T13:42:13.162Z] [ERROR] [Server] Game loop error {"error":"Maximum call stack size exceeded"}
[13:42:13] ERROR    Game loop error
[2026-01-03T13:42:13.193Z] [ERROR] [Server] Game loop error {"error":"Maximum call stack size exceeded"}
[13:42:13] ERROR    Game loop error
[2026-01-03T13:42:13.220Z] [ERROR] [Server] Game loop error {"error":"Maximum call stack size exceeded"}
[13:42:13] ERROR    Game loop error
[2026-01-03T13:42:13.255Z] [ERROR] [Server] Game loop error {"error":"Maximum call stack size exceeded"}
[13:42:13] ERROR    Game loop error
[2026-01-03T13:42:13.284Z] [ERROR] [Server] Game loop error {"error":"Maximum call stack size exceeded"}
[13:42:13] ERROR    Game loop error
[2026-01-03T13:42:13.311Z] [ERROR] [Server] Game loop error {"error":"Maximum call stack size exceeded"}
[13:42:13] ERROR    Game loop error
[2026-01-03T13:42:13.339Z] [ERROR] [Server] Game loop error {"error":"Maximum call stack size exceeded"}
[13:42:13] ERROR    Game loop error
[2026-01-03T13:42:13.381Z] [ERROR] [Server] Game loop error {"error":"Maximum call stack size exceeded"}
[13:42:13] ERROR    Game loop error
[2026-01-03T13:42:13.420Z] [ERROR] [Server] Game loop error {"error":"Maximum call stack size exceeded"}
[13:42:13] ERROR    Game loop error
[2026-01-03T13:42:13.455Z] [ERROR] [Server] Game loop error {"error":"Maximum call stack size exceeded"}
[13:42:13] ERROR    Game loop error
[2026-01-03T13:42:13.484Z] [ERROR] [Server] Game loop error {"error":"Maximum call stack size exceeded"}
[13:42:13] ERROR    Game loop error
[2026-01-03T13:42:13.519Z] [ERROR] [Server] Game loop error {"error":"Maximum call stack size exceeded"}
[13:42:13] ERROR    Game loop error
[2026-01-03T13:42:13.550Z] [ERROR] [Server] Game loop error {"error":"Maximum call stack size exceeded"}
[13:42:13] ERROR    Game loop error
[2026-01-03T13:42:13.580Z] [ERROR] [Server] Game loop error {"error":"Maximum call stack size exceeded"}
[13:42:13] ERROR    Game loop error
[2026-01-03T13:42:13.611Z] [ERROR] [Server] Game loop error {"error":"Maximum call stack size exceeded"}
[13:42:13] ERROR    Game loop error
[2026-01-03T13:42:13.636Z] [ERROR] [Server] Game loop error {"error":"Maximum call stack size exceeded"}
[13:42:13] ERROR    Game loop error
[2026-01-03T13:42:13.669Z] [ERROR] [Server] Game loop error {"error":"Maximum call stack size exceeded"}
[13:42:13] ERROR    Game loop error
[2026-01-03T13:42:13.698Z] [ERROR] [Server] Game loop error {"error":"Maximum call stack size exceeded"}
[13:42:13] ERROR    Game loop error
[2026-01-03T13:42:13.721Z] [ERROR] [Server] Game loop error {"error":"Maximum call stack size exceeded"}
[13:42:13] ERROR    Game loop error
[2026-01-03T13:42:13.751Z] [ERROR] [Server] Game loop error {"error":"Maximum call stack size exceeded"}
[13:42:13] ERROR    Game loop error
[2026-01-03T13:42:13.782Z] [ERROR] [Server] Game loop error {"error":"Maximum call stack size exceeded"}
[13:42:13] ERROR    Game loop error
[2026-01-03T13:42:13.816Z] [ERROR] [Server] Game loop error {"error":"Maximum call stack size exceeded"}
[13:42:13] ERROR    Game loop error
[2026-01-03T13:42:13.844Z] [ERROR] [Server] Game loop error {"error":"Maximum call stack size exceeded"}
[13:42:13] ERROR    Game loop error
[2026-01-03T13:42:13.919Z] [ERROR] [Server] Game loop error {"error":"Maximum call stack size exceeded"}
[13:42:13] ERROR    Game loop error
[2026-01-03T13:42:13.959Z] [ERROR] [Server] Game loop error {"error":"Maximum call stack size exceeded"}
[13:42:13] ERROR    Game loop error
[2026-01-03T13:42:13.999Z] [ERROR] [Server] Game loop error {"error":"Maximum call stack size exceeded"}
[13:42:13] ERROR    Game loop error
[2026-01-03T13:42:14.026Z] [ERROR] [Server] Game loop error {"error":"Maximum call stack size exceeded"}
[13:42:14] ERROR    Game loop error
[2026-01-03T13:42:14.057Z] [ERROR] [Server] Game loop error {"error":"Maximum call stack size exceeded"}
[13:42:14] ERROR    Game loop error
[2026-01-03T13:42:14.088Z] [ERROR] [Server] Game loop error {"error":"Maximum call stack size exceeded"}
[13:42:14] ERROR    Game loop error
[2026-01-03T13:42:14.112Z] [ERROR] [Server] Game loop error {"error":"Maximum call stack size exceeded"}
[13:42:14] ERROR    Game loop error
[2026-01-03T13:42:14.151Z] [ERROR] [Server] Game loop error {"error":"Maximum call stack size exceeded"}
[13:42:14] ERROR    Game loop error
[2026-01-03T13:42:14.183Z] [ERROR] [Server] Game loop error {"error":"Maximum call stack size exceeded"}
[13:42:14] ERROR    Game loop error
[2026-01-03T13:42:14.209Z] [ERROR] [Server] Game loop error {"error":"Maximum call stack size exceeded"}
[13:42:14] ERROR    Game loop error
[2026-01-03T13:42:14.243Z] [ERROR] [Server] Game loop error {"error":"Maximum call stack size exceeded"}
[13:42:14] ERROR    Game loop error
[2026-01-03T13:42:14.266Z] [ERROR] [Server] Game loop error {"error":"Maximum call stack size exceeded"}
[13:42:14] ERROR    Game loop error
[2026-01-03T13:42:14.288Z] [ERROR] [Server] Game loop error {"error":"Maximum call stack size exceeded"}
[13:42:14] ERROR    Game loop error
[2026-01-03T13:42:14.324Z] [ERROR] [Server] Game loop error {"error":"Maximum call stack size exceeded"}
[13:42:14] ERROR    Game loop error
[2026-01-03T13:42:14.351Z] [ERROR] [Server] Game loop error {"error":"Maximum call stack size exceeded"}
[13:42:14] ERROR    Game loop error
[2026-01-03T13:42:14.384Z] [ERROR] [Server] Game loop error {"error":"Maximum call stack size exceeded"}
[13:42:14] ERROR    Game loop error
[2026-01-03T13:42:14.413Z] [ERROR] [Server] Game loop error {"error":"Maximum call stack size exceeded"}
[13:42:14] ERROR    Game loop error
[2026-01-03T13:42:14.444Z] [ERROR] [Server] Game loop error {"error":"Maximum call stack size exceeded"}
[13:42:14] ERROR    Game loop error
[2026-01-03T13:42:14.481Z] [ERROR] [Server] Game loop error {"error":"Maximum call stack size exceeded"}
[13:42:14] ERROR    Game loop error
[2026-01-03T13:42:14.512Z] [ERROR] [Server] Game loop error {"error":"Maximum call stack size exceeded"}
[13:42:14] ERROR    Game loop error
[2026-01-03T13:42:14.541Z] [ERROR] [Server] Game loop error {"error":"Maximum call stack size exceeded"}
[13:42:14] ERROR    Game loop error
[2026-01-03T13:42:14.563Z] [ERROR] [Server] Game loop error {"error":"Maximum call stack size exceeded"}
[13:42:14] ERROR    Game loop error
[2026-01-03T13:42:14.590Z] [ERROR] [Server] Game loop error {"error":"Maximum call stack size exceeded"}
[13:42:14] ERROR    Game loop error
[2026-01-03T13:42:14.628Z] [ERROR] [Server] Game loop error {"error":"Maximum call stack size exceeded"}
[13:42:14] ERROR    Game loop error
[2026-01-03T13:42:14.668Z] [ERROR] [Server] Game loop error {"error":"Maximum call stack size exceeded"}
[13:42:14] ERROR    Game loop error
[2026-01-03T13:42:14.695Z] [ERROR] [Server] Game loop error {"error":"Maximum call stack size exceeded"}
[13:42:14] ERROR    Game loop error
[2026-01-03T13:42:14.731Z] [ERROR] [Server] Game loop error {"error":"Maximum call stack size exceeded"}
[13:42:14] ERROR    Game loop error
[2026-01-03T13:42:14.759Z] [ERROR] [Server] Game loop error {"error":"Maximum call stack size exceeded"}
[13:42:14] ERROR    Game loop error
[2026-01-03T13:42:14.785Z] [ERROR] [Server] Game loop error {"error":"Maximum call stack size exceeded"}
[13:42:14] ERROR    Game loop error
[2026-01-03T13:42:14.821Z] [ERROR] [Server] Game loop error {"error":"Maximum call stack size exceeded"}
[13:42:14] ERROR    Game loop error
[2026-01-03T13:42:14.854Z] [ERROR] [Server] Game loop error {"error":"Maximum call stack size exceeded"}
[13:42:14] ERROR    Game loop error
[2026-01-03T13:42:14.880Z] [ERROR] [Server] Game loop error {"error":"Maximum call stack size exceeded"}
[13:42:14] ERROR    Game loop error
[2026-01-03T13:42:14.914Z] [ERROR] [Server] Game loop error {"error":"Maximum call stack size exceeded"}
[13:42:14] ERROR    Game loop error
[2026-01-03T13:42:14.951Z] [ERROR] [Server] Game loop error {"error":"Maximum call stack size exceeded"}
[13:42:14] ERROR    Game loop error
[2026-01-03T13:42:14.976Z] [ERROR] [Server] Game loop error {"error":"Maximum call stack size exceeded"}
[13:42:14] ERROR    Game loop error
[2026-01-03T13:42:15.010Z] [ERROR] [Server] Game loop error {"error":"Maximum call stack size exceeded"}
[13:42:15] ERROR    Game loop error
[2026-01-03T13:42:15.043Z] [ERROR] [Server] Game loop error {"error":"Maximum call stack size exceeded"}
[13:42:15] ERROR    Game loop error
[2026-01-03T13:42:15.068Z] [ERROR] [Server] Game loop error {"error":"Maximum call stack size exceeded"}
[13:42:15] ERROR    Game loop error
[2026-01-03T13:42:15.104Z] [ERROR] [Server] Game loop error {"error":"Maximum call stack size exceeded"}
[13:42:15] ERROR    Game loop error
[2026-01-03T13:42:15.130Z] [ERROR] [Server] Game loop error {"error":"Maximum call stack size exceeded"}
[13:42:15] ERROR    Game loop error
[2026-01-03T13:42:15.164Z] [ERROR] [Server] Game loop error {"error":"Maximum call stack size exceeded"}
[13:42:15] ERROR    Game loop error
[2026-01-03T13:42:15.196Z] [ERROR] [Server] Game loop error {"error":"Maximum call stack size exceeded"}
[13:42:15] ERROR    Game loop error
[2026-01-03T13:42:15.224Z] [ERROR] [Server] Game loop error {"error":"Maximum call stack size exceeded"}
[13:42:15] ERROR    Game loop error
[2026-01-03T13:42:15.254Z] [ERROR] [Server] Game loop error {"error":"Maximum call stack size exceeded"}
[13:42:15] ERROR    Game loop error
[2026-01-03T13:42:15.288Z] [ERROR] [Server] Game loop error {"error":"Maximum call stack size exceeded"}
[13:42:15] ERROR    Game loop error
[2026-01-03T13:42:15.326Z] [ERROR] [Server] Game loop error {"error":"Maximum call stack size exceeded"}
[13:42:15] ERROR    Game loop error
[2026-01-03T13:42:15.349Z] [ERROR] [Server] Game loop error {"error":"Maximum call stack size exceeded"}
[13:42:15] ERROR    Game loop error
[2026-01-03T13:42:15.383Z] [ERROR] [Server] Game loop error {"error":"Maximum call stack size exceeded"}
[13:42:15] ERROR    Game loop error
[2026-01-03T13:42:15.408Z] [ERROR] [Server] Game loop error {"error":"Maximum call stack size exceeded"}
[13:42:15] ERROR    Game loop error
[2026-01-03T13:42:15.440Z] [ERROR] [Server] Game loop error {"error":"Maximum call stack size exceeded"}
[13:42:15] ERROR    Game loop error
[2026-01-03T13:42:15.473Z] [ERROR] [Server] Game loop error {"error":"Maximum call stack size exceeded"}
[13:42:15] ERROR    Game loop error
[2026-01-03T13:42:15.506Z] [ERROR] [Server] Game loop error {"error":"Maximum call stack size exceeded"}
[13:42:15] ERROR    Game loop error
[2026-01-03T13:42:15.535Z] [ERROR] [Server] Game loop error {"error":"Maximum call stack size exceeded"}
[13:42:15] ERROR    Game loop error
[2026-01-03T13:42:15.566Z] [ERROR] [Server] Game loop error {"error":"Maximum call stack size exceeded"}
[13:42:15] ERROR    Game loop error
[2026-01-03T13:42:15.600Z] [ERROR] [Server] Game loop error {"error":"Maximum call stack size exceeded"}
[13:42:15] ERROR    Game loop error
[2026-01-03T13:42:15.628Z] [ERROR] [Server] Game loop error {"error":"Maximum call stack size exceeded"}
[13:42:15] ERROR    Game loop error
[2026-01-03T13:42:15.660Z] [ERROR] [Server] Game loop error {"error":"Maximum call stack size exceeded"}
[13:42:15] ERROR    Game loop error
[2026-01-03T13:42:15.684Z] [ERROR] [Server] Game loop error {"error":"Maximum call stack size exceeded"}
[13:42:15] ERROR    Game loop error
[2026-01-03T13:42:15.720Z] [ERROR] [Server] Game loop error {"error":"Maximum call stack size exceeded"}
[13:42:15] ERROR    Game loop error
[2026-01-03T13:42:15.750Z] [ERROR] [Server] Game loop error {"error":"Maximum call stack size exceeded"}
[13:42:15] ERROR    Game loop error
[2026-01-03T13:42:15.776Z] [ERROR] [Server] Game loop error {"error":"Maximum call stack size exceeded"}
[13:42:15] ERROR    Game loop error
[2026-01-03T13:42:15.811Z] [ERROR] [Server] Game loop error {"error":"Maximum call stack size exceeded"}
[13:42:15] ERROR    Game loop error
[2026-01-03T13:42:15.846Z] [ERROR] [Server] Game loop error {"error":"Maximum call stack size exceeded"}
[13:42:15] ERROR    Game loop error
[2026-01-03T13:42:15.880Z] [ERROR] [Server] Game loop error {"error":"Maximum call stack size exceeded"}
[13:42:15] ERROR    Game loop error
[2026-01-03T13:42:15.908Z] [ERROR] [Server] Game loop error {"error":"Maximum call stack size exceeded"}
[13:42:15] ERROR    Game loop error
[2026-01-03T13:42:15.940Z] [ERROR] [Server] Game loop error {"error":"Maximum call stack size exceeded"}
[13:42:15] ERROR    Game loop error
[2026-01-03T13:42:15.967Z] [ERROR] [Server] Game loop error {"error":"Maximum call stack size exceeded"}
[13:42:15] ERROR    Game loop error
[2026-01-03T13:42:16.003Z] [ERROR] [Server] Game loop error {"error":"Maximum call stack size exceeded"}
[13:42:16] ERROR    Game loop error
[2026-01-03T13:42:16.031Z] [ERROR] [Server] Game loop error {"error":"Maximum call stack size exceeded"}
[13:42:16] ERROR    Game loop error
[2026-01-03T13:42:16.062Z] [ERROR] [Server] Game loop error {"error":"Maximum call stack size exceeded"}
[13:42:16] ERROR    Game loop error
[2026-01-03T13:42:16.094Z] [ERROR] [Server] Game loop error {"error":"Maximum call stack size exceeded"}
[13:42:16] ERROR    Game loop error
[2026-01-03T13:42:16.118Z] [ERROR] [Server] Game loop error {"error":"Maximum call stack size exceeded"}
[13:42:16] ERROR    Game loop error
[2026-01-03T13:42:16.150Z] [ERROR] [Server] Game loop error {"error":"Maximum call stack size exceeded"}
[13:42:16] ERROR    Game loop error
[2026-01-03T13:42:16.187Z] [ERROR] [Server] Game loop error {"error":"Maximum call stack size exceeded"}
[13:42:16] ERROR    Game loop error
[2026-01-03T13:42:16.216Z] [ERROR] [Server] Game loop error {"error":"Maximum call stack size exceeded"}
[13:42:16] ERROR    Game loop error
[2026-01-03T13:42:16.248Z] [ERROR] [Server] Game loop error {"error":"Maximum call stack size exceeded"}
[13:42:16] ERROR    Game loop error
[2026-01-03T13:42:16.277Z] [ERROR] [Server] Game loop error {"error":"Maximum call stack size exceeded"}
[13:42:16] ERROR    Game loop error
[2026-01-03T13:42:16.308Z] [ERROR] [Server] Game loop error {"error":"Maximum call stack size exceeded"}
[13:42:16] ERROR    Game loop error
[2026-01-03T13:42:16.333Z] [ERROR] [Server] Game loop error {"error":"Maximum call stack size exceeded"}
[13:42:16] ERROR    Game loop error
[2026-01-03T13:42:16.373Z] [ERROR] [Server] Game loop error {"error":"Maximum call stack size exceeded"}
[13:42:16] ERROR    Game loop error
[2026-01-03T13:42:16.400Z] [ERROR] [Server] Game loop error {"error":"Maximum call stack size exceeded"}
[13:42:16] ERROR    Game loop error
[2026-01-03T13:42:16.432Z] [ERROR] [Server] Game loop error {"error":"Maximum call stack size exceeded"}
[13:42:16] ERROR    Game loop error
[2026-01-03T13:42:16.466Z] [ERROR] [Server] Game loop error {"error":"Maximum call stack size exceeded"}
[13:42:16] ERROR    Game loop error
[2026-01-03T13:42:16.494Z] [ERROR] [Server] Game loop error {"error":"Maximum call stack size exceeded"}
[13:42:16] ERROR    Game loop error
[2026-01-03T13:42:16.520Z] [ERROR] [Server] Game loop error {"error":"Maximum call stack size exceeded"}
[13:42:16] ERROR    Game loop error
[2026-01-03T13:42:16.549Z] [ERROR] [Server] Game loop error {"error":"Maximum call stack size exceeded"}
[13:42:16] ERROR    Game loop error
[2026-01-03T13:42:16.590Z] [ERROR] [Server] Game loop error {"error":"Maximum call stack size exceeded"}
[13:42:16] ERROR    Game loop error
[2026-01-03T13:42:16.624Z] [ERROR] [Server] Game loop error {"error":"Maximum call stack size exceeded"}
[13:42:16] ERROR    Game loop error
[2026-01-03T13:42:16.652Z] [ERROR] [Server] Game loop error {"error":"Maximum call stack size exceeded"}
[13:42:16] ERROR    Game loop error
[2026-01-03T13:42:16.687Z] [ERROR] [Server] Game loop error {"error":"Maximum call stack size exceeded"}
[13:42:16] ERROR    Game loop error
[2026-01-03T13:42:16.715Z] [ERROR] [Server] Game loop error {"error":"Maximum call stack size exceeded"}
[13:42:16] ERROR    Game loop error
[2026-01-03T13:42:16.740Z] [ERROR] [Server] Game loop error {"error":"Maximum call stack size exceeded"}
[13:42:16] ERROR    Game loop error
[2026-01-03T13:42:16.778Z] [ERROR] [Server] Game loop error {"error":"Maximum call stack size exceeded"}
[13:42:16] ERROR    Game loop error
[2026-01-03T13:42:16.812Z] [ERROR] [Server] Game loop error {"error":"Maximum call stack size exceeded"}
[13:42:16] ERROR    Game loop error
[2026-01-03T13:42:16.857Z] [ERROR] [Server] Game loop error {"error":"Maximum call stack size exceeded"}
[13:42:16] ERROR    Game loop error
[2026-01-03T13:42:16.901Z] [ERROR] [Server] Game loop error {"error":"Maximum call stack size exceeded"}
[13:42:16] ERROR    Game loop error
[2026-01-03T13:42:16.928Z] [ERROR] [Server] Game loop error {"error":"Maximum call stack size exceeded"}
[13:42:16] ERROR    Game loop error
[2026-01-03T13:42:16.963Z] [ERROR] [Server] Game loop error {"error":"Maximum call stack size exceeded"}
[13:42:16] ERROR    Game loop error
[2026-01-03T13:42:16.989Z] [ERROR] [Server] Game loop error {"error":"Maximum call stack size exceeded"}
[13:42:16] ERROR    Game loop error
[2026-01-03T13:42:17.024Z] [ERROR] [Server] Game loop error {"error":"Maximum call stack size exceeded"}
[13:42:17] ERROR    Game loop error
[2026-01-03T13:42:17.051Z] [ERROR] [Server] Game loop error {"error":"Maximum call stack size exceeded"}
[13:42:17] ERROR    Game loop error
[2026-01-03T13:42:17.087Z] [ERROR] [Server] Game loop error {"error":"Maximum call stack size exceeded"}
[13:42:17] ERROR    Game loop error
[2026-01-03T13:42:17.114Z] [ERROR] [Server] Game loop error {"error":"Maximum call stack size exceeded"}
[13:42:17] ERROR    Game loop error
[2026-01-03T13:42:17.145Z] [ERROR] [Server] Game loop error {"error":"Maximum call stack size exceeded"}
[13:42:17] ERROR    Game loop error
[2026-01-03T13:42:17.173Z] [ERROR] [Server] Game loop error {"error":"Maximum call stack size exceeded"}
[13:42:17] ERROR    Game loop error
[2026-01-03T13:42:17.212Z] [ERROR] [Server] Game loop error {"error":"Maximum call stack size exceeded"}
[13:42:17] ERROR    Game loop error
[2026-01-03T13:42:17.239Z] [ERROR] [Server] Game loop error {"error":"Maximum call stack size exceeded"}
[13:42:17] ERROR    Game loop error
[2026-01-03T13:42:17.270Z] [ERROR] [Server] Game loop error {"error":"Maximum call stack size exceeded"}
[13:42:17] ERROR    Game loop error
[2026-01-03T13:42:17.297Z] [ERROR] [Server] Game loop error {"error":"Maximum call stack size exceeded"}
[13:42:17] ERROR    Game loop error
[2026-01-03T13:42:17.326Z] [ERROR] [Server] Game loop error {"error":"Maximum call stack size exceeded"}
[13:42:17] ERROR    Game loop error
[2026-01-03T13:42:17.362Z] [ERROR] [Server] Game loop error {"error":"Maximum call stack size exceeded"}
[13:42:17] ERROR    Game loop error
[2026-01-03T13:42:17.390Z] [ERROR] [Server] Game loop error {"error":"Maximum call stack size exceeded"}
[13:42:17] ERROR    Game loop error
[2026-01-03T13:42:17.421Z] [ERROR] [Server] Game loop error {"error":"Maximum call stack size exceeded"}
[13:42:17] ERROR    Game loop error
[2026-01-03T13:42:17.454Z] [ERROR] [Server] Game loop error {"error":"Maximum call stack size exceeded"}
[13:42:17] ERROR    Game loop error
[2026-01-03T13:42:17.480Z] [ERROR] [Server] Game loop error {"error":"Maximum call stack size exceeded"}
[13:42:17] ERROR    Game loop error
[2026-01-03T13:42:17.517Z] [ERROR] [Server] Game loop error {"error":"Maximum call stack size exceeded"}
[13:42:17] ERROR    Game loop error
[2026-01-03T13:42:17.547Z] [ERROR] [Server] Game loop error {"error":"Maximum call stack size exceeded"}
[13:42:17] ERROR    Game loop error
[2026-01-03T13:42:17.578Z] [ERROR] [Server] Game loop error {"error":"Maximum call stack size exceeded"}
[13:42:17] ERROR    Game loop error
[2026-01-03T13:42:17.603Z] [ERROR] [Server] Game loop error {"error":"Maximum call stack size exceeded"}
[13:42:17] ERROR    Game loop error
[2026-01-03T13:42:17.642Z] [ERROR] [Server] Game loop error {"error":"Maximum call stack size exceeded"}
[13:42:17] ERROR    Game loop error
[2026-01-03T13:42:17.676Z] [ERROR] [Server] Game loop error {"error":"Maximum call stack size exceeded"}
[13:42:17] ERROR    Game loop error
[2026-01-03T13:42:17.700Z] [ERROR] [Server] Game loop error {"error":"Maximum call stack size exceeded"}
[13:42:17] ERROR    Game loop error
[2026-01-03T13:42:17.729Z] [ERROR] [Server] Game loop error {"error":"Maximum call stack size exceeded"}
[13:42:17] ERROR    Game loop error
[2026-01-03T13:42:17.760Z] [ERROR] [Server] Game loop error {"error":"Maximum call stack size exceeded"}
[13:42:17] ERROR    Game loop error
[2026-01-03T13:42:17.792Z] [ERROR] [Server] Game loop error {"error":"Maximum call stack size exceeded"}
[13:42:17] ERROR    Game loop error
[2026-01-03T13:42:17.825Z] [ERROR] [Server] Game loop error {"error":"Maximum call stack size exceeded"}
[13:42:17] ERROR    Game loop error
[2026-01-03T13:42:17.851Z] [ERROR] [Server] Game loop error {"error":"Maximum call stack size exceeded"}
[13:42:17] ERROR    Game loop error
[2026-01-03T13:42:17.884Z] [ERROR] [Server] Game loop error {"error":"Maximum call stack size exceeded"}
[13:42:17] ERROR    Game loop error
[2026-01-03T13:42:17.914Z] [ERROR] [Server] Game loop error {"error":"Maximum call stack size exceeded"}
[13:42:17] ERROR    Game loop error
[2026-01-03T13:42:17.948Z] [ERROR] [Server] Game loop error {"error":"Maximum call stack size exceeded"}
[13:42:17] ERROR    Game loop error
[2026-01-03T13:42:17.980Z] [ERROR] [Server] Game loop error {"error":"Maximum call stack size exceeded"}
[13:42:17] ERROR    Game loop error
[2026-01-03T13:42:18.004Z] [ERROR] [Server] Game loop error {"error":"Maximum call stack size exceeded"}
[13:42:18] ERROR    Game loop error
[2026-01-03T13:42:18.038Z] [ERROR] [Server] Game loop error {"error":"Maximum call stack size exceeded"}
[13:42:18] ERROR    Game loop error
[2026-01-03T13:42:18.065Z] [ERROR] [Server] Game loop error {"error":"Maximum call stack size exceeded"}
[13:42:18] ERROR    Game loop error
[2026-01-03T13:42:18.097Z] [ERROR] [Server] Game loop error {"error":"Maximum call stack size exceeded"}
[13:42:18] ERROR    Game loop error
[2026-01-03T13:42:18.127Z] [ERROR] [Server] Game loop error {"error":"Maximum call stack size exceeded"}
[13:42:18] ERROR    Game loop error
[2026-01-03T13:42:18.154Z] [ERROR] [Server] Game loop error {"error":"Maximum call stack size exceeded"}
[13:42:18] ERROR    Game loop error
[2026-01-03T13:42:18.186Z] [ERROR] [Server] Game loop error {"error":"Maximum call stack size exceeded"}
[13:42:18] ERROR    Game loop error
[2026-01-03T13:42:18.222Z] [ERROR] [Server] Game loop error {"error":"Maximum call stack size exceeded"}
[13:42:18] ERROR    Game loop error
[2026-01-03T13:42:18.251Z] [ERROR] [Server] Game loop error {"error":"Maximum call stack size exceeded"}
[13:42:18] ERROR    Game loop error
[2026-01-03T13:42:18.284Z] [ERROR] [Server] Game loop error {"error":"Maximum call stack size exceeded"}
[13:42:18] ERROR    Game loop error
[2026-01-03T13:42:18.317Z] [ERROR] [Server] Game loop error {"error":"Maximum call stack size exceeded"}
[13:42:18] ERROR    Game loop error
[2026-01-03T13:42:18.347Z] [ERROR] [Server] Game loop error {"error":"Maximum call stack size exceeded"}
[13:42:18] ERROR    Game loop error
[2026-01-03T13:42:18.377Z] [ERROR] [Server] Game loop error {"error":"Maximum call stack size exceeded"}
[13:42:18] ERROR    Game loop error
[2026-01-03T13:42:18.407Z] [ERROR] [Server] Game loop error {"error":"Maximum call stack size exceeded"}
[13:42:18] ERROR    Game loop error
[2026-01-03T13:42:18.442Z] [ERROR] [Server] Game loop error {"error":"Maximum call stack size exceeded"}
[13:42:18] ERROR    Game loop error
[2026-01-03T13:42:18.469Z] [ERROR] [Server] Game loop error {"error":"Maximum call stack size exceeded"}
[13:42:18] ERROR    Game loop error
[2026-01-03T13:42:18.497Z] [ERROR] [Server] Game loop error {"error":"Maximum call stack size exceeded"}
[13:42:18] ERROR    Game loop error
[2026-01-03T13:42:18.530Z] [ERROR] [Server] Game loop error {"error":"Maximum call stack size exceeded"}
[13:42:18] ERROR    Game loop error
[2026-01-03T13:42:18.561Z] [ERROR] [Server] Game loop error {"error":"Maximum call stack size exceeded"}
[13:42:18] ERROR    Game loop error
[2026-01-03T13:42:18.593Z] [ERROR] [Server] Game loop error {"error":"Maximum call stack size exceeded"}
[13:42:18] ERROR    Game loop error
[2026-01-03T13:42:18.619Z] [ERROR] [Server] Game loop error {"error":"Maximum call stack size exceeded"}
[13:42:18] ERROR    Game loop error
[2026-01-03T13:42:18.657Z] [ERROR] [Server] Game loop error {"error":"Maximum call stack size exceeded"}
[13:42:18] ERROR    Game loop error
[2026-01-03T13:42:18.687Z] [ERROR] [Server] Game loop error {"error":"Maximum call stack size exceeded"}
[13:42:18] ERROR    Game loop error
[2026-01-03T13:42:18.724Z] [ERROR] [Server] Game loop error {"error":"Maximum call stack size exceeded"}
[13:42:18] ERROR    Game loop error
[2026-01-03T13:42:18.754Z] [ERROR] [Server] Game loop error {"error":"Maximum call stack size exceeded"}
[13:42:18] ERROR    Game loop error
[2026-01-03T13:42:18.780Z] [ERROR] [Server] Game loop error {"error":"Maximum call stack size exceeded"}
[13:42:18] ERROR    Game loop error
[2026-01-03T13:42:18.811Z] [ERROR] [Server] Game loop error {"error":"Maximum call stack size exceeded"}
[13:42:18] ERROR    Game loop error
[2026-01-03T13:42:18.845Z] [ERROR] [Server] Game loop error {"error":"Maximum call stack size exceeded"}
[13:42:18] ERROR    Game loop error
[2026-01-03T13:42:18.877Z] [ERROR] [Server] Game loop error {"error":"Maximum call stack size exceeded"}
[13:42:18] ERROR    Game loop error
[2026-01-03T13:42:18.905Z] [ERROR] [Server] Game loop error {"error":"Maximum call stack size exceeded"}
[13:42:18] ERROR    Game loop error
[2026-01-03T13:42:18.935Z] [ERROR] [Server] Game loop error {"error":"Maximum call stack size exceeded"}
[13:42:18] ERROR    Game loop error
[2026-01-03T13:42:18.967Z] [ERROR] [Server] Game loop error {"error":"Maximum call stack size exceeded"}
[13:42:18] ERROR    Game loop error
[2026-01-03T13:42:18.999Z] [ERROR] [Server] Game loop error {"error":"Maximum call stack size exceeded"}
[13:42:18] ERROR    Game loop error
[2026-01-03T13:42:19.025Z] [ERROR] [Server] Game loop error {"error":"Maximum call stack size exceeded"}
[13:42:19] ERROR    Game loop error
[2026-01-03T13:42:19.057Z] [ERROR] [Server] Game loop error {"error":"Maximum call stack size exceeded"}
[13:42:19] ERROR    Game loop error
[2026-01-03T13:42:19.090Z] [ERROR] [Server] Game loop error {"error":"Maximum call stack size exceeded"}
[13:42:19] ERROR    Game loop error
[2026-01-03T13:42:19.125Z] [ERROR] [Server] Game loop error {"error":"Maximum call stack size exceeded"}
[13:42:19] ERROR    Game loop error
[2026-01-03T13:42:19.144Z] [ERROR] [Server] Game loop error {"error":"Maximum call stack size exceeded"}
[13:42:19] ERROR    Game loop error
[2026-01-03T13:42:19.182Z] [ERROR] [Server] Game loop error {"error":"Maximum call stack size exceeded"}
[13:42:19] ERROR    Game loop error
[2026-01-03T13:42:19.212Z] [ERROR] [Server] Game loop error {"error":"Maximum call stack size exceeded"}
[13:42:19] ERROR    Game loop error
[2026-01-03T13:42:19.238Z] [ERROR] [Server] Game loop error {"error":"Maximum call stack size exceeded"}
[13:42:19] ERROR    Game loop error
[2026-01-03T13:42:19.272Z] [ERROR] [Server] Game loop error {"error":"Maximum call stack size exceeded"}
[13:42:19] ERROR    Game loop error
[2026-01-03T13:42:19.303Z] [ERROR] [Server] Game loop error {"error":"Maximum call stack size exceeded"}
[13:42:19] ERROR    Game loop error
[2026-01-03T13:42:19.329Z] [ERROR] [Server] Game loop error {"error":"Maximum call stack size exceeded"}
[13:42:19] ERROR    Game loop error
[2026-01-03T13:42:19.366Z] [ERROR] [Server] Game loop error {"error":"Maximum call stack size exceeded"}
[13:42:19] ERROR    Game loop error
[2026-01-03T13:42:19.388Z] [ERROR] [Server] Game loop error {"error":"Maximum call stack size exceeded"}
[13:42:19] ERROR    Game loop error
[2026-01-03T13:42:19.415Z] [ERROR] [Server] Game loop error {"error":"Maximum call stack size exceeded"}
[13:42:19] ERROR    Game loop error
[2026-01-03T13:42:19.449Z] [ERROR] [Server] Game loop error {"error":"Maximum call stack size exceeded"}
[13:42:19] ERROR    Game loop error
[2026-01-03T13:42:19.479Z] [ERROR] [Server] Game loop error {"error":"Maximum call stack size exceeded"}
[13:42:19] ERROR    Game loop error
[2026-01-03T13:42:19.508Z] [ERROR] [Server] Game loop error {"error":"Maximum call stack size exceeded"}
[13:42:19] ERROR    Game loop error
[2026-01-03T13:42:19.542Z] [ERROR] [Server] Game loop error {"error":"Maximum call stack size exceeded"}
[13:42:19] ERROR    Game loop error
[2026-01-03T13:42:19.570Z] [ERROR] [Server] Game loop error {"error":"Maximum call stack size exceeded"}
[13:42:19] ERROR    Game loop error
[2026-01-03T13:42:19.602Z] [ERROR] [Server] Game loop error {"error":"Maximum call stack size exceeded"}
[13:42:19] ERROR    Game loop error
[2026-01-03T13:42:19.629Z] [ERROR] [Server] Game loop error {"error":"Maximum call stack size exceeded"}
[13:42:19] ERROR    Game loop error
[2026-01-03T13:42:19.654Z] [ERROR] [Server] Game loop error {"error":"Maximum call stack size exceeded"}
[13:42:19] ERROR    Game loop error
[2026-01-03T13:42:19.682Z] [ERROR] [Server] Game loop error {"error":"Maximum call stack size exceeded"}
[13:42:19] ERROR    Game loop error
[2026-01-03T13:42:19.706Z] [ERROR] [Server] Game loop error {"error":"Maximum call stack size exceeded"}
[13:42:19] ERROR    Game loop error
[2026-01-03T13:42:19.739Z] [ERROR] [Server] Game loop error {"error":"Maximum call stack size exceeded"}
[13:42:19] ERROR    Game loop error
[2026-01-03T13:42:19.770Z] [ERROR] [Server] Game loop error {"error":"Maximum call stack size exceeded"}
[13:42:19] ERROR    Game loop error
[2026-01-03T13:42:19.802Z] [ERROR] [Server] Game loop error {"error":"Maximum call stack size exceeded"}
[13:42:19] ERROR    Game loop error
[2026-01-03T13:42:19.827Z] [ERROR] [Server] Game loop error {"error":"Maximum call stack size exceeded"}
[13:42:19] ERROR    Game loop error
[2026-01-03T13:42:19.866Z] [ERROR] [Server] Game loop error {"error":"Maximum call stack size exceeded"}
[13:42:19] ERROR    Game loop error
[2026-01-03T13:42:19.897Z] [ERROR] [Server] Game loop error {"error":"Maximum call stack size exceeded"}
[13:42:19] ERROR    Game loop error
[2026-01-03T13:42:19.927Z] [ERROR] [Server] Game loop error {"error":"Maximum call stack size exceeded"}
[13:42:19] ERROR    Game loop error
[2026-01-03T13:42:19.956Z] [ERROR] [Server] Game loop error {"error":"Maximum call stack size exceeded"}
[13:42:19] ERROR    Game loop error
[2026-01-03T13:42:19.985Z] [ERROR] [Server] Game loop error {"error":"Maximum call stack size exceeded"}
[13:42:19] ERROR    Game loop error
[2026-01-03T13:42:20.017Z] [ERROR] [Server] Game loop error {"error":"Maximum call stack size exceeded"}
[13:42:20] ERROR    Game loop error
[2026-01-03T13:42:20.048Z] [ERROR] [Server] Game loop error {"error":"Maximum call stack size exceeded"}
[13:42:20] ERROR    Game loop error
[2026-01-03T13:42:20.080Z] [ERROR] [Server] Game loop error {"error":"Maximum call stack size exceeded"}
[13:42:20] ERROR    Game loop error
[2026-01-03T13:42:20.107Z] [ERROR] [Server] Game loop error {"error":"Maximum call stack size exceeded"}
[13:42:20] ERROR    Game loop error
[2026-01-03T13:42:20.137Z] [ERROR] [Server] Game loop error {"error":"Maximum call stack size exceeded"}
[13:42:20] ERROR    Game loop error
[2026-01-03T13:42:20.165Z] [ERROR] [Server] Game loop error {"error":"Maximum call stack size exceeded"}
[13:42:20] ERROR    Game loop error
[2026-01-03T13:42:20.197Z] [ERROR] [Server] Game loop error {"error":"Maximum call stack size exceeded"}
[13:42:20] ERROR    Game loop error
[2026-01-03T13:42:20.233Z] [ERROR] [Server] Game loop error {"error":"Maximum call stack size exceeded"}
[13:42:20] ERROR    Game loop error
[2026-01-03T13:42:20.260Z] [ERROR] [Server] Game loop error {"error":"Maximum call stack size exceeded"}
[13:42:20] ERROR    Game loop error
[2026-01-03T13:42:20.292Z] [ERROR] [Server] Game loop error {"error":"Maximum call stack size exceeded"}
[13:42:20] ERROR    Game loop error
[2026-01-03T13:42:20.327Z] [ERROR] [Server] Game loop error {"error":"Maximum call stack size exceeded"}
[13:42:20] ERROR    Game loop error
[2026-01-03T13:42:20.356Z] [ERROR] [Server] Game loop error {"error":"Maximum call stack size exceeded"}
[13:42:20] ERROR    Game loop error
[2026-01-03T13:42:20.385Z] [ERROR] [Server] Game loop error {"error":"Maximum call stack size exceeded"}
[13:42:20] ERROR    Game loop error
[2026-01-03T13:42:20.415Z] [ERROR] [Server] Game loop error {"error":"Maximum call stack size exceeded"}
[13:42:20] ERROR    Game loop error
[2026-01-03T13:42:20.440Z] [ERROR] [Server] Game loop error {"error":"Maximum call stack size exceeded"}
[13:42:20] ERROR    Game loop error
[2026-01-03T13:42:20.476Z] [ERROR] [Server] Game loop error {"error":"Maximum call stack size exceeded"}
[13:42:20] ERROR    Game loop error
[2026-01-03T13:42:20.508Z] [ERROR] [Server] Game loop error {"error":"Maximum call stack size exceeded"}
[13:42:20] ERROR    Game loop error
[2026-01-03T13:42:20.544Z] [ERROR] [Server] Game loop error {"error":"Maximum call stack size exceeded"}
[13:42:20] ERROR    Game loop error
[2026-01-03T13:42:20.571Z] [ERROR] [Server] Game loop error {"error":"Maximum call stack size exceeded"}
[13:42:20] ERROR    Game loop error
[2026-01-03T13:42:20.596Z] [ERROR] [Server] Game loop error {"error":"Maximum call stack size exceeded"}
[13:42:20] ERROR    Game loop error
[2026-01-03T13:42:20.630Z] [ERROR] [Server] Game loop error {"error":"Maximum call stack size exceeded"}
[13:42:20] ERROR    Game loop error
[2026-01-03T13:42:20.663Z] [ERROR] [Server] Game loop error {"error":"Maximum call stack size exceeded"}
[13:42:20] ERROR    Game loop error
[2026-01-03T13:42:20.684Z] [ERROR] [Server] Game loop error {"error":"Maximum call stack size exceeded"}
[13:42:20] ERROR    Game loop error
[2026-01-03T13:42:20.720Z] [ERROR] [Server] Game loop error {"error":"Maximum call stack size exceeded"}
[13:42:20] ERROR    Game loop error
[2026-01-03T13:42:20.759Z] [ERROR] [Server] Game loop error {"error":"Maximum call stack size exceeded"}
[13:42:20] ERROR    Game loop error
[2026-01-03T13:42:20.785Z] [ERROR] [Server] Game loop error {"error":"Maximum call stack size exceeded"}
[13:42:20] ERROR    Game loop error
[2026-01-03T13:42:20.817Z] [ERROR] [Server] Game loop error {"error":"Maximum call stack size exceeded"}
[13:42:20] ERROR    Game loop error
[2026-01-03T13:42:20.845Z] [ERROR] [Server] Game loop error {"error":"Maximum call stack size exceeded"}
[13:42:20] ERROR    Game loop error
[2026-01-03T13:42:20.883Z] [ERROR] [Server] Game loop error {"error":"Maximum call stack size exceeded"}
[13:42:20] ERROR    Game loop error
[2026-01-03T13:42:20.912Z] [ERROR] [Server] Game loop error {"error":"Maximum call stack size exceeded"}
[13:42:20] ERROR    Game loop error
[2026-01-03T13:42:20.944Z] [ERROR] [Server] Game loop error {"error":"Maximum call stack size exceeded"}
[13:42:20] ERROR    Game loop error
[2026-01-03T13:42:20.970Z] [ERROR] [Server] Game loop error {"error":"Maximum call stack size exceeded"}
[13:42:20] ERROR    Game loop error
[2026-01-03T13:42:21.001Z] [ERROR] [Server] Game loop error {"error":"Maximum call stack size exceeded"}
[13:42:21] ERROR    Game loop error
[2026-01-03T13:42:21.034Z] [ERROR] [Server] Game loop error {"error":"Maximum call stack size exceeded"}
[13:42:21] ERROR    Game loop error
[2026-01-03T13:42:21.059Z] [ERROR] [Server] Game loop error {"error":"Maximum call stack size exceeded"}
[13:42:21] ERROR    Game loop error
[2026-01-03T13:42:21.100Z] [ERROR] [Server] Game loop error {"error":"Maximum call stack size exceeded"}
[13:42:21] ERROR    Game loop error
[2026-01-03T13:42:21.125Z] [ERROR] [Server] Game loop error {"error":"Maximum call stack size exceeded"}
[13:42:21] ERROR    Game loop error
[2026-01-03T13:42:21.162Z] [ERROR] [Server] Game loop error {"error":"Maximum call stack size exceeded"}
[13:42:21] ERROR    Game loop error
[2026-01-03T13:42:21.196Z] [ERROR] [Server] Game loop error {"error":"Maximum call stack size exceeded"}
[13:42:21] ERROR    Game loop error
[2026-01-03T13:42:21.224Z] [ERROR] [Server] Game loop error {"error":"Maximum call stack size exceeded"}
[13:42:21] ERROR    Game loop error
[2026-01-03T13:42:21.258Z] [ERROR] [Server] Game loop error {"error":"Maximum call stack size exceeded"}
[13:42:21] ERROR    Game loop error
[2026-01-03T13:42:21.285Z] [ERROR] [Server] Game loop error {"error":"Maximum call stack size exceeded"}
[13:42:21] ERROR    Game loop error
[2026-01-03T13:42:21.313Z] [ERROR] [Server] Game loop error {"error":"Maximum call stack size exceeded"}
[13:42:21] ERROR    Game loop error
[2026-01-03T13:42:21.346Z] [ERROR] [Server] Game loop error {"error":"Maximum call stack size exceeded"}
[13:42:21] ERROR    Game loop error
[2026-01-03T13:42:21.371Z] [ERROR] [Server] Game loop error {"error":"Maximum call stack size exceeded"}
[13:42:21] ERROR    Game loop error
[2026-01-03T13:42:21.408Z] [ERROR] [Server] Game loop error {"error":"Maximum call stack size exceeded"}
[13:42:21] ERROR    Game loop error
[2026-01-03T13:42:21.441Z] [ERROR] [Server] Game loop error {"error":"Maximum call stack size exceeded"}
[13:42:21] ERROR    Game loop error
[2026-01-03T13:42:21.469Z] [ERROR] [Server] Game loop error {"error":"Maximum call stack size exceeded"}
[13:42:21] ERROR    Game loop error
[2026-01-03T13:42:21.503Z] [ERROR] [Server] Game loop error {"error":"Maximum call stack size exceeded"}
[13:42:21] ERROR    Game loop error
[2026-01-03T13:42:21.534Z] [ERROR] [Server] Game loop error {"error":"Maximum call stack size exceeded"}
[13:42:21] ERROR    Game loop error
[2026-01-03T13:42:21.562Z] [ERROR] [Server] Game loop error {"error":"Maximum call stack size exceeded"}
[13:42:21] ERROR    Game loop error
[2026-01-03T13:42:21.595Z] [ERROR] [Server] Game loop error {"error":"Maximum call stack size exceeded"}
[13:42:21] ERROR    Game loop error
[2026-01-03T13:42:21.623Z] [ERROR] [Server] Game loop error {"error":"Maximum call stack size exceeded"}
[13:42:21] ERROR    Game loop error
[2026-01-03T13:42:21.658Z] [ERROR] [Server] Game loop error {"error":"Maximum call stack size exceeded"}
[13:42:21] ERROR    Game loop error
[2026-01-03T13:42:21.691Z] [ERROR] [Server] Game loop error {"error":"Maximum call stack size exceeded"}
[13:42:21] ERROR    Game loop error
[2026-01-03T13:42:21.716Z] [ERROR] [Server] Game loop error {"error":"Maximum call stack size exceeded"}
[13:42:21] ERROR    Game loop error
[2026-01-03T13:42:21.752Z] [ERROR] [Server] Game loop error {"error":"Maximum call stack size exceeded"}
[13:42:21] ERROR    Game loop error
[2026-01-03T13:42:21.783Z] [ERROR] [Server] Game loop error {"error":"Maximum call stack size exceeded"}
[13:42:21] ERROR    Game loop error
[2026-01-03T13:42:21.810Z] [ERROR] [Server] Game loop error {"error":"Maximum call stack size exceeded"}
[13:42:21] ERROR    Game loop error
[2026-01-03T13:42:21.843Z] [ERROR] [Server] Game loop error {"error":"Maximum call stack size exceeded"}
[13:42:21] ERROR    Game loop error
[2026-01-03T13:42:21.876Z] [ERROR] [Server] Game loop error {"error":"Maximum call stack size exceeded"}
[13:42:21] ERROR    Game loop error
[2026-01-03T13:42:21.902Z] [ERROR] [Server] Game loop error {"error":"Maximum call stack size exceeded"}
[13:42:21] ERROR    Game loop error
[2026-01-03T13:42:21.928Z] [ERROR] [Server] Game loop error {"error":"Maximum call stack size exceeded"}
[13:42:21] ERROR    Game loop error
[2026-01-03T13:42:21.972Z] [ERROR] [Server] Game loop error {"error":"Maximum call stack size exceeded"}
[13:42:21] ERROR    Game loop error
[2026-01-03T13:42:22.007Z] [ERROR] [Server] Game loop error {"error":"Maximum call stack size exceeded"}
[13:42:22] ERROR    Game loop error
[2026-01-03T13:42:22.042Z] [ERROR] [Server] Game loop error {"error":"Maximum call stack size exceeded"}
[13:42:22] ERROR    Game loop error
[2026-01-03T13:42:22.071Z] [ERROR] [Server] Game loop error {"error":"Maximum call stack size exceeded"}
[13:42:22] ERROR    Game loop error
[2026-01-03T13:42:22.103Z] [ERROR] [Server] Game loop error {"error":"Maximum call stack size exceeded"}
[13:42:22] ERROR    Game loop error
[2026-01-03T13:42:22.133Z] [ERROR] [Server] Game loop error {"error":"Maximum call stack size exceeded"}
[13:42:22] ERROR    Game loop error
[2026-01-03T13:42:22.161Z] [ERROR] [Server] Game loop error {"error":"Maximum call stack size exceeded"}
[13:42:22] ERROR    Game loop error
[2026-01-03T13:42:22.199Z] [ERROR] [Server] Game loop error {"error":"Maximum call stack size exceeded"}
[13:42:22] ERROR    Game loop error
[2026-01-03T13:42:22.227Z] [ERROR] [Server] Game loop error {"error":"Maximum call stack size exceeded"}
[13:42:22] ERROR    Game loop error
[2026-01-03T13:42:22.255Z] [ERROR] [Server] Game loop error {"error":"Maximum call stack size exceeded"}
[13:42:22] ERROR    Game loop error
[2026-01-03T13:42:22.290Z] [ERROR] [Server] Game loop error {"error":"Maximum call stack size exceeded"}
[13:42:22] ERROR    Game loop error
[2026-01-03T13:42:22.323Z] [ERROR] [Server] Game loop error {"error":"Maximum call stack size exceeded"}
[13:42:22] ERROR    Game loop error
[2026-01-03T13:42:22.350Z] [ERROR] [Server] Game loop error {"error":"Maximum call stack size exceeded"}
[13:42:22] ERROR    Game loop error
[2026-01-03T13:42:22.383Z] [ERROR] [Server] Game loop error {"error":"Maximum call stack size exceeded"}
[13:42:22] ERROR    Game loop error
[2026-01-03T13:42:22.416Z] [ERROR] [Server] Game loop error {"error":"Maximum call stack size exceeded"}
[13:42:22] ERROR    Game loop error
[2026-01-03T13:42:22.445Z] [ERROR] [Server] Game loop error {"error":"Maximum call stack size exceeded"}
[13:42:22] ERROR    Game loop error
[2026-01-03T13:42:22.477Z] [ERROR] [Server] Game loop error {"error":"Maximum call stack size exceeded"}
[13:42:22] ERROR    Game loop error
[2026-01-03T13:42:22.511Z] [ERROR] [Server] Game loop error {"error":"Maximum call stack size exceeded"}
[13:42:22] ERROR    Game loop error
[2026-01-03T13:42:22.537Z] [ERROR] [Server] Game loop error {"error":"Maximum call stack size exceeded"}
[13:42:22] ERROR    Game loop error
[2026-01-03T13:42:22.573Z] [ERROR] [Server] Game loop error {"error":"Maximum call stack size exceeded"}
[13:42:22] ERROR    Game loop error
[2026-01-03T13:42:22.599Z] [ERROR] [Server] Game loop error {"error":"Maximum call stack size exceeded"}
[13:42:22] ERROR    Game loop error
[2026-01-03T13:42:22.634Z] [ERROR] [Server] Game loop error {"error":"Maximum call stack size exceeded"}
[13:42:22] ERROR    Game loop error
[2026-01-03T13:42:22.661Z] [ERROR] [Server] Game loop error {"error":"Maximum call stack size exceeded"}
[13:42:22] ERROR    Game loop error
[2026-01-03T13:42:22.692Z] [ERROR] [Server] Game loop error {"error":"Maximum call stack size exceeded"}
[13:42:22] ERROR    Game loop error
[2026-01-03T13:42:22.727Z] [ERROR] [Server] Game loop error {"error":"Maximum call stack size exceeded"}
[13:42:22] ERROR    Game loop error
[2026-01-03T13:42:22.755Z] [ERROR] [Server] Game loop error {"error":"Maximum call stack size exceeded"}
[13:42:22] ERROR    Game loop error
[2026-01-03T13:42:22.794Z] [ERROR] [Server] Game loop error {"error":"Maximum call stack size exceeded"}
[13:42:22] ERROR    Game loop error
[2026-01-03T13:42:22.816Z] [ERROR] [Server] Game loop error {"error":"Maximum call stack size exceeded"}
[13:42:22] ERROR    Game loop error
[2026-01-03T13:42:22.849Z] [ERROR] [Server] Game loop error {"error":"Maximum call stack size exceeded"}
[13:42:22] ERROR    Game loop error
[2026-01-03T13:42:22.882Z] [ERROR] [Server] Game loop error {"error":"Maximum call stack size exceeded"}
[13:42:22] ERROR    Game loop error
[2026-01-03T13:42:22.913Z] [ERROR] [Server] Game loop error {"error":"Maximum call stack size exceeded"}
[13:42:22] ERROR    Game loop error
[2026-01-03T13:42:22.942Z] [ERROR] [Server] Game loop error {"error":"Maximum call stack size exceeded"}
[13:42:22] ERROR    Game loop error
[2026-01-03T13:42:22.972Z] [ERROR] [Server] Game loop error {"error":"Maximum call stack size exceeded"}
[13:42:22] ERROR    Game loop error
[2026-01-03T13:42:23.004Z] [ERROR] [Server] Game loop error {"error":"Maximum call stack size exceeded"}
[13:42:23] ERROR    Game loop error
[2026-01-03T13:42:23.031Z] [ERROR] [Server] Game loop error {"error":"Maximum call stack size exceeded"}
[13:42:23] ERROR    Game loop error
[2026-01-03T13:42:23.063Z] [ERROR] [Server] Game loop error {"error":"Maximum call stack size exceeded"}
[13:42:23] ERROR    Game loop error
[2026-01-03T13:42:23.092Z] [ERROR] [Server] Game loop error {"error":"Maximum call stack size exceeded"}
[13:42:23] ERROR    Game loop error
[2026-01-03T13:42:23.122Z] [ERROR] [Server] Game loop error {"error":"Maximum call stack size exceeded"}
[13:42:23] ERROR    Game loop error
[2026-01-03T13:42:23.155Z] [ERROR] [Server] Game loop error {"error":"Maximum call stack size exceeded"}
[13:42:23] ERROR    Game loop error
[2026-01-03T13:42:23.187Z] [ERROR] [Server] Game loop error {"error":"Maximum call stack size exceeded"}
[13:42:23] ERROR    Game loop error
[2026-01-03T13:42:23.215Z] [ERROR] [Server] Game loop error {"error":"Maximum call stack size exceeded"}
[13:42:23] ERROR    Game loop error
[2026-01-03T13:42:23.255Z] [ERROR] [Server] Game loop error {"error":"Maximum call stack size exceeded"}
[13:42:23] ERROR    Game loop error
[2026-01-03T13:42:23.285Z] [ERROR] [Server] Game loop error {"error":"Maximum call stack size exceeded"}
[13:42:23] ERROR    Game loop error
[2026-01-03T13:42:23.309Z] [ERROR] [Server] Game loop error {"error":"Maximum call stack size exceeded"}
[13:42:23] ERROR    Game loop error
[2026-01-03T13:42:23.342Z] [ERROR] [Server] Game loop error {"error":"Maximum call stack size exceeded"}
[13:42:23] ERROR    Game loop error
[2026-01-03T13:42:23.370Z] [ERROR] [Server] Game loop error {"error":"Maximum call stack size exceeded"}
[13:42:23] ERROR    Game loop error
[2026-01-03T13:42:23.396Z] [ERROR] [Server] Game loop error {"error":"Maximum call stack size exceeded"}
[13:42:23] ERROR    Game loop error
[2026-01-03T13:42:23.424Z] [ERROR] [Server] Game loop error {"error":"Maximum call stack size exceeded"}
[13:42:23] ERROR    Game loop error
[2026-01-03T13:42:23.450Z] [ERROR] [Server] Game loop error {"error":"Maximum call stack size exceeded"}
[13:42:23] ERROR    Game loop error
[2026-01-03T13:42:23.484Z] [ERROR] [Server] Game loop error {"error":"Maximum call stack size exceeded"}
[13:42:23] ERROR    Game loop error
[2026-01-03T13:42:23.519Z] [ERROR] [Server] Game loop error {"error":"Maximum call stack size exceeded"}
[13:42:23] ERROR    Game loop error
[2026-01-03T13:42:23.547Z] [ERROR] [Server] Game loop error {"error":"Maximum call stack size exceeded"}
[13:42:23] ERROR    Game loop error
[2026-01-03T13:42:23.577Z] [ERROR] [Server] Game loop error {"error":"Maximum call stack size exceeded"}
[13:42:23] ERROR    Game loop error
[2026-01-03T13:42:23.606Z] [ERROR] [Server] Game loop error {"error":"Maximum call stack size exceeded"}
[13:42:23] ERROR    Game loop error
[2026-01-03T13:42:23.639Z] [ERROR] [Server] Game loop error {"error":"Maximum call stack size exceeded"}
[13:42:23] ERROR    Game loop error
[2026-01-03T13:42:23.670Z] [ERROR] [Server] Game loop error {"error":"Maximum call stack size exceeded"}
[13:42:23] ERROR    Game loop error
[2026-01-03T13:42:23.691Z] [ERROR] [Server] Game loop error {"error":"Maximum call stack size exceeded"}
[13:42:23] ERROR    Game loop error
[2026-01-03T13:42:23.727Z] [ERROR] [Server] Game loop error {"error":"Maximum call stack size exceeded"}
[13:42:23] ERROR    Game loop error
[2026-01-03T13:42:23.764Z] [ERROR] [Server] Game loop error {"error":"Maximum call stack size exceeded"}
[13:42:23] ERROR    Game loop error
[2026-01-03T13:42:23.796Z] [ERROR] [Server] Game loop error {"error":"Maximum call stack size exceeded"}
[13:42:23] ERROR    Game loop error
[2026-01-03T13:42:23.827Z] [ERROR] [Server] Game loop error {"error":"Maximum call stack size exceeded"}
[13:42:23] ERROR    Game loop error
[2026-01-03T13:42:23.852Z] [ERROR] [Server] Game loop error {"error":"Maximum call stack size exceeded"}
[13:42:23] ERROR    Game loop error
[2026-01-03T13:42:23.892Z] [ERROR] [Server] Game loop error {"error":"Maximum call stack size exceeded"}
[13:42:23] ERROR    Game loop error
[2026-01-03T13:42:23.935Z] [ERROR] [Server] Game loop error {"error":"Maximum call stack size exceeded"}
[13:42:23] ERROR    Game loop error
[2026-01-03T13:42:23.961Z] [ERROR] [Server] Game loop error {"error":"Maximum call stack size exceeded"}
[13:42:23] ERROR    Game loop error
[2026-01-03T13:42:23.997Z] [ERROR] [Server] Game loop error {"error":"Maximum call stack size exceeded"}
[13:42:23] ERROR    Game loop error
[2026-01-03T13:42:24.023Z] [ERROR] [Server] Game loop error {"error":"Maximum call stack size exceeded"}
[13:42:24] ERROR    Game loop error
[2026-01-03T13:42:24.049Z] [ERROR] [Server] Game loop error {"error":"Maximum call stack size exceeded"}
[13:42:24] ERROR    Game loop error
[2026-01-03T13:42:24.091Z] [ERROR] [Server] Game loop error {"error":"Maximum call stack size exceeded"}
[13:42:24] ERROR    Game loop error
[2026-01-03T13:42:24.122Z] [ERROR] [Server] Game loop error {"error":"Maximum call stack size exceeded"}
[13:42:24] ERROR    Game loop error
[2026-01-03T13:42:24.170Z] [ERROR] [Server] Game loop error {"error":"Maximum call stack size exceeded"}
[13:42:24] ERROR    Game loop error
[2026-01-03T13:42:24.195Z] [ERROR] [Server] Game loop error {"error":"Maximum call stack size exceeded"}
[13:42:24] ERROR    Game loop error
[2026-01-03T13:42:24.222Z] [ERROR] [Server] Game loop error {"error":"Maximum call stack size exceeded"}
[13:42:24] ERROR    Game loop error
[2026-01-03T13:42:24.258Z] [ERROR] [Server] Game loop error {"error":"Maximum call stack size exceeded"}
[13:42:24] ERROR    Game loop error
[2026-01-03T13:42:24.289Z] [ERROR] [Server] Game loop error {"error":"Maximum call stack size exceeded"}
[13:42:24] ERROR    Game loop error
[2026-01-03T13:42:24.316Z] [ERROR] [Server] Game loop error {"error":"Maximum call stack size exceeded"}
[13:42:24] ERROR    Game loop error
[2026-01-03T13:42:24.339Z] [ERROR] [Server] Game loop error {"error":"Maximum call stack size exceeded"}
[13:42:24] ERROR    Game loop error
[2026-01-03T13:42:24.373Z] [ERROR] [Server] Game loop error {"error":"Maximum call stack size exceeded"}
[13:42:24] ERROR    Game loop error
[2026-01-03T13:42:24.406Z] [ERROR] [Server] Game loop error {"error":"Maximum call stack size exceeded"}
[13:42:24] ERROR    Game loop error
[2026-01-03T13:42:24.442Z] [ERROR] [Server] Game loop error {"error":"Maximum call stack size exceeded"}
[13:42:24] ERROR    Game loop error
[2026-01-03T13:42:24.475Z] [ERROR] [Server] Game loop error {"error":"Maximum call stack size exceeded"}
[13:42:24] ERROR    Game loop error
[2026-01-03T13:42:24.501Z] [ERROR] [Server] Game loop error {"error":"Maximum call stack size exceeded"}
[13:42:24] ERROR    Game loop error
[2026-01-03T13:42:24.537Z] [ERROR] [Server] Game loop error {"error":"Maximum call stack size exceeded"}
[13:42:24] ERROR    Game loop error
[2026-01-03T13:42:24.567Z] [ERROR] [Server] Game loop error {"error":"Maximum call stack size exceeded"}
[13:42:24] ERROR    Game loop error
[2026-01-03T13:42:24.602Z] [ERROR] [Server] Game loop error {"error":"Maximum call stack size exceeded"}
[13:42:24] ERROR    Game loop error
[2026-01-03T13:42:24.649Z] [ERROR] [Server] Game loop error {"error":"Maximum call stack size exceeded"}
[13:42:24] ERROR    Game loop error
[2026-01-03T13:42:24.679Z] [ERROR] [Server] Game loop error {"error":"Maximum call stack size exceeded"}
[13:42:24] ERROR    Game loop error
[2026-01-03T13:42:24.718Z] [ERROR] [Server] Game loop error {"error":"Maximum call stack size exceeded"}
[13:42:24] ERROR    Game loop error
[2026-01-03T13:42:24.752Z] [ERROR] [Server] Game loop error {"error":"Maximum call stack size exceeded"}
[13:42:24] ERROR    Game loop error
[2026-01-03T13:42:24.781Z] [ERROR] [Server] Game loop error {"error":"Maximum call stack size exceeded"}
[13:42:24] ERROR    Game loop error
[2026-01-03T13:42:24.809Z] [ERROR] [Server] Game loop error {"error":"Maximum call stack size exceeded"}
[13:42:24] ERROR    Game loop error
[2026-01-03T13:42:24.833Z] [ERROR] [Server] Game loop error {"error":"Maximum call stack size exceeded"}
[13:42:24] ERROR    Game loop error
[2026-01-03T13:42:24.875Z] [ERROR] [Server] Game loop error {"error":"Maximum call stack size exceeded"}
[13:42:24] ERROR    Game loop error
[2026-01-03T13:42:24.908Z] [ERROR] [Server] Game loop error {"error":"Maximum call stack size exceeded"}
[13:42:24] ERROR    Game loop error
[2026-01-03T13:42:24.943Z] [ERROR] [Server] Game loop error {"error":"Maximum call stack size exceeded"}
[13:42:24] ERROR    Game loop error
[2026-01-03T13:42:24.985Z] [ERROR] [Server] Game loop error {"error":"Maximum call stack size exceeded"}
[13:42:24] ERROR    Game loop error
[2026-01-03T13:42:25.013Z] [ERROR] [Server] Game loop error {"error":"Maximum call stack size exceeded"}
[13:42:25] ERROR    Game loop error
[2026-01-03T13:42:25.044Z] [ERROR] [Server] Game loop error {"error":"Maximum call stack size exceeded"}
[13:42:25] ERROR    Game loop error
[2026-01-03T13:42:25.081Z] [ERROR] [Server] Game loop error {"error":"Maximum call stack size exceeded"}
[13:42:25] ERROR    Game loop error
[2026-01-03T13:42:25.117Z] [ERROR] [Server] Game loop error {"error":"Maximum call stack size exceeded"}
[13:42:25] ERROR    Game loop error
[2026-01-03T13:42:25.179Z] [ERROR] [Server] Game loop error {"error":"Maximum call stack size exceeded"}
[13:42:25] ERROR    Game loop error
[2026-01-03T13:42:25.216Z] [ERROR] [Server] Game loop error {"error":"Maximum call stack size exceeded"}
[13:42:25] ERROR    Game loop error
[2026-01-03T13:42:25.267Z] [ERROR] [Server] Game loop error {"error":"Maximum call stack size exceeded"}
[13:42:25] ERROR    Game loop error
[2026-01-03T13:42:25.323Z] [ERROR] [Server] Game loop error {"error":"Maximum call stack size exceeded"}
[13:42:25] ERROR    Game loop error
[2026-01-03T13:42:25.363Z] [ERROR] [Server] Game loop error {"error":"Maximum call stack size exceeded"}
[13:42:25] ERROR    Game loop error
[2026-01-03T13:42:25.419Z] [ERROR] [Server] Game loop error {"error":"Maximum call stack size exceeded"}
[13:42:25] ERROR    Game loop error
[2026-01-03T13:42:25.451Z] [ERROR] [Server] Game loop error {"error":"Maximum call stack size exceeded"}
[13:42:25] ERROR    Game loop error
[2026-01-03T13:42:25.506Z] [ERROR] [Server] Game loop error {"error":"Maximum call stack size exceeded"}
[13:42:25] ERROR    Game loop error
[2026-01-03T13:42:25.553Z] [ERROR] [Server] Game loop error {"error":"Maximum call stack size exceeded"}
[13:42:25] ERROR    Game loop error
[2026-01-03T13:42:25.596Z] [ERROR] [Server] Game loop error {"error":"Maximum call stack size exceeded"}
[13:42:25] ERROR    Game loop error
[2026-01-03T13:42:25.648Z] [ERROR] [Server] Game loop error {"error":"Maximum call stack size exceeded"}
[13:42:25] ERROR    Game loop error
[2026-01-03T13:42:25.689Z] [ERROR] [Server] Game loop error {"error":"Maximum call stack size exceeded"}
[13:42:25] ERROR    Game loop error
[2026-01-03T13:42:25.739Z] [ERROR] [Server] Game loop error {"error":"Maximum call stack size exceeded"}
[13:42:25] ERROR    Game loop error
[2026-01-03T13:42:25.799Z] [ERROR] [Server] Game loop error {"error":"Maximum call stack size exceeded"}
[13:42:25] ERROR    Game loop error
[2026-01-03T13:42:25.855Z] [ERROR] [Server] Game loop error {"error":"Maximum call stack size exceeded"}
[13:42:25] ERROR    Game loop error
[2026-01-03T13:42:25.899Z] [ERROR] [Server] Game loop error {"error":"Maximum call stack size exceeded"}
[13:42:25] ERROR    Game loop error
[2026-01-03T13:42:25.942Z] [ERROR] [Server] Game loop error {"error":"Maximum call stack size exceeded"}
[13:42:25] ERROR    Game loop error
[2026-01-03T13:42:25.995Z] [ERROR] [Server] Game loop error {"error":"Maximum call stack size exceeded"}
[13:42:25] ERROR    Game loop error
[2026-01-03T13:42:26.033Z] [ERROR] [Server] Game loop error {"error":"Maximum call stack size exceeded"}
[13:42:26] ERROR    Game loop error
[2026-01-03T13:42:26.078Z] [ERROR] [Server] Game loop error {"error":"Maximum call stack size exceeded"}
[13:42:26] ERROR    Game loop error
[2026-01-03T13:42:26.129Z] [ERROR] [Server] Game loop error {"error":"Maximum call stack size exceeded"}
[13:42:26] ERROR    Game loop error
[2026-01-03T13:42:26.170Z] [ERROR] [Server] Game loop error {"error":"Maximum call stack size exceeded"}
[13:42:26] ERROR    Game loop error
[2026-01-03T13:42:26.259Z] [ERROR] [Server] Game loop error {"error":"Maximum call stack size exceeded"}
[13:42:26] ERROR    Game loop error
[2026-01-03T13:42:26.301Z] [ERROR] [Server] Game loop error {"error":"Maximum call stack size exceeded"}
[13:42:26] ERROR    Game loop error
[2026-01-03T13:42:26.355Z] [ERROR] [Server] Game loop error {"error":"Maximum call stack size exceeded"}
[13:42:26] ERROR    Game loop error
[2026-01-03T13:42:26.420Z] [ERROR] [Server] Game loop error {"error":"Maximum call stack size exceeded"}
[13:42:26] ERROR    Game loop error
[2026-01-03T13:42:26.461Z] [ERROR] [Server] Game loop error {"error":"Maximum call stack size exceeded"}
[13:42:26] ERROR    Game loop error
[2026-01-03T13:42:26.508Z] [ERROR] [Server] Game loop error {"error":"Maximum call stack size exceeded"}
[13:42:26] ERROR    Game loop error
[2026-01-03T13:42:26.554Z] [ERROR] [Server] Game loop error {"error":"Maximum call stack size exceeded"}
[13:42:26] ERROR    Game loop error
[2026-01-03T13:42:26.595Z] [ERROR] [Server] Game loop error {"error":"Maximum call stack size exceeded"}
[13:42:26] ERROR    Game loop error
[2026-01-03T13:42:26.634Z] [ERROR] [Server] Game loop error {"error":"Maximum call stack size exceeded"}
[13:42:26] ERROR    Game loop error
[2026-01-03T13:42:26.667Z] [ERROR] [Server] Game loop error {"error":"Maximum call stack size exceeded"}
[13:42:26] ERROR    Game loop error
[2026-01-03T13:42:26.709Z] [ERROR] [Server] Game loop error {"error":"Maximum call stack size exceeded"}
[13:42:26] ERROR    Game loop error
[2026-01-03T13:42:26.750Z] [ERROR] [Server] Game loop error {"error":"Maximum call stack size exceeded"}
[13:42:26] ERROR    Game loop error
[2026-01-03T13:42:26.788Z] [ERROR] [Server] Game loop error {"error":"Maximum call stack size exceeded"}
[13:42:26] ERROR    Game loop error
[2026-01-03T13:42:26.821Z] [ERROR] [Server] Game loop error {"error":"Maximum call stack size exceeded"}
[13:42:26] ERROR    Game loop error
[2026-01-03T13:42:26.863Z] [ERROR] [Server] Game loop error {"error":"Maximum call stack size exceeded"}
[13:42:26] ERROR    Game loop error
[2026-01-03T13:42:26.902Z] [ERROR] [Server] Game loop error {"error":"Maximum call stack size exceeded"}
[13:42:26] ERROR    Game loop error
[2026-01-03T13:42:26.948Z] [ERROR] [Server] Game loop error {"error":"Maximum call stack size exceeded"}
[13:42:26] ERROR    Game loop error
[2026-01-03T13:42:26.991Z] [ERROR] [Server] Game loop error {"error":"Maximum call stack size exceeded"}
[13:42:26] ERROR    Game loop error
[2026-01-03T13:42:27.030Z] [ERROR] [Server] Game loop error {"error":"Maximum call stack size exceeded"}
[13:42:27] ERROR    Game loop error
[2026-01-03T13:42:27.069Z] [ERROR] [Server] Game loop error {"error":"Maximum call stack size exceeded"}
[13:42:27] ERROR    Game loop error
[2026-01-03T13:42:27.115Z] [ERROR] [Server] Game loop error {"error":"Maximum call stack size exceeded"}
[13:42:27] ERROR    Game loop error
[2026-01-03T13:42:27.163Z] [ERROR] [Server] Game loop error {"error":"Maximum call stack size exceeded"}
[13:42:27] ERROR    Game loop error
[2026-01-03T13:42:27.213Z] [ERROR] [Server] Game loop error {"error":"Maximum call stack size exceeded"}
[13:42:27] ERROR    Game loop error
[2026-01-03T13:42:27.258Z] [ERROR] [Server] Game loop error {"error":"Maximum call stack size exceeded"}
[13:42:27] ERROR    Game loop error
[2026-01-03T13:42:27.299Z] [ERROR] [Server] Game loop error {"error":"Maximum call stack size exceeded"}
[13:42:27] ERROR    Game loop error
[2026-01-03T13:42:27.340Z] [ERROR] [Server] Game loop error {"error":"Maximum call stack size exceeded"}
[13:42:27] ERROR    Game loop error
[2026-01-03T13:42:27.382Z] [ERROR] [Server] Game loop error {"error":"Maximum call stack size exceeded"}
[13:42:27] ERROR    Game loop error
[2026-01-03T13:42:27.426Z] [ERROR] [Server] Game loop error {"error":"Maximum call stack size exceeded"}
[13:42:27] ERROR    Game loop error
[2026-01-03T13:42:27.496Z] [ERROR] [Server] Game loop error {"error":"Maximum call stack size exceeded"}
[13:42:27] ERROR    Game loop error
[2026-01-03T13:42:27.533Z] [ERROR] [Server] Game loop error {"error":"Maximum call stack size exceeded"}
[13:42:27] ERROR    Game loop error
[2026-01-03T13:42:27.582Z] [ERROR] [Server] Game loop error {"error":"Maximum call stack size exceeded"}
[13:42:27] ERROR    Game loop error
[2026-01-03T13:42:27.623Z] [ERROR] [Server] Game loop error {"error":"Maximum call stack size exceeded"}
[13:42:27] ERROR    Game loop error
[2026-01-03T13:42:27.659Z] [ERROR] [Server] Game loop error {"error":"Maximum call stack size exceeded"}
[13:42:27] ERROR    Game loop error
[2026-01-03T13:42:27.705Z] [ERROR] [Server] Game loop error {"error":"Maximum call stack size exceeded"}
[13:42:27] ERROR    Game loop error
[2026-01-03T13:42:27.761Z] [ERROR] [Server] Game loop error {"error":"Maximum call stack size exceeded"}
[13:42:27] ERROR    Game loop error
[2026-01-03T13:42:27.796Z] [ERROR] [Server] Game loop error {"error":"Maximum call stack size exceeded"}
[13:42:27] ERROR    Game loop error
[2026-01-03T13:42:27.835Z] [ERROR] [Server] Game loop error {"error":"Maximum call stack size exceeded"}
[13:42:27] ERROR    Game loop error
[2026-01-03T13:42:27.864Z] [ERROR] [Server] Game loop error {"error":"Maximum call stack size exceeded"}
[13:42:27] ERROR    Game loop error
[2026-01-03T13:42:27.895Z] [ERROR] [Server] Game loop error {"error":"Maximum call stack size exceeded"}
[13:42:27] ERROR    Game loop error
[2026-01-03T13:42:27.924Z] [ERROR] [Server] Game loop error {"error":"Maximum call stack size exceeded"}
[13:42:27] ERROR    Game loop error
[2026-01-03T13:42:27.957Z] [ERROR] [Server] Game loop error {"error":"Maximum call stack size exceeded"}
[13:42:27] ERROR    Game loop error
[2026-01-03T13:42:27.991Z] [ERROR] [Server] Game loop error {"error":"Maximum call stack size exceeded"}
[13:42:27] ERROR    Game loop error
[2026-01-03T13:42:28.017Z] [ERROR] [Server] Game loop error {"error":"Maximum call stack size exceeded"}
[13:42:28] ERROR    Game loop error
[2026-01-03T13:42:28.047Z] [ERROR] [Server] Game loop error {"error":"Maximum call stack size exceeded"}
[13:42:28] ERROR    Game loop error
[2026-01-03T13:42:28.083Z] [ERROR] [Server] Game loop error {"error":"Maximum call stack size exceeded"}
[13:42:28] ERROR    Game loop error
[2026-01-03T13:42:28.127Z] [ERROR] [Server] Game loop error {"error":"Maximum call stack size exceeded"}
[13:42:28] ERROR    Game loop error
[2026-01-03T13:42:28.156Z] [ERROR] [Server] Game loop error {"error":"Maximum call stack size exceeded"}
[13:42:28] ERROR    Game loop error
[2026-01-03T13:42:28.182Z] [ERROR] [Server] Game loop error {"error":"Maximum call stack size exceeded"}
[13:42:28] ERROR    Game loop error
[2026-01-03T13:42:28.219Z] [ERROR] [Server] Game loop error {"error":"Maximum call stack size exceeded"}
[13:42:28] ERROR    Game loop error
[2026-01-03T13:42:28.249Z] [ERROR] [Server] Game loop error {"error":"Maximum call stack size exceeded"}
[13:42:28] ERROR    Game loop error
[2026-01-03T13:42:28.285Z] [ERROR] [Server] Game loop error {"error":"Maximum call stack size exceeded"}
[13:42:28] ERROR    Game loop error
[2026-01-03T13:42:28.329Z] [ERROR] [Server] Game loop error {"error":"Maximum call stack size exceeded"}
[13:42:28] ERROR    Game loop error
[2026-01-03T13:42:28.369Z] [ERROR] [Server] Game loop error {"error":"Maximum call stack size exceeded"}
[13:42:28] ERROR    Game loop error
[2026-01-03T13:42:28.402Z] [ERROR] [Server] Game loop error {"error":"Maximum call stack size exceeded"}
[13:42:28] ERROR    Game loop error
[2026-01-03T13:42:28.429Z] [ERROR] [Server] Game loop error {"error":"Maximum call stack size exceeded"}
[13:42:28] ERROR    Game loop error
[2026-01-03T13:42:28.464Z] [ERROR] [Server] Game loop error {"error":"Maximum call stack size exceeded"}
[13:42:28] ERROR    Game loop error
[2026-01-03T13:42:28.493Z] [ERROR] [Server] Game loop error {"error":"Maximum call stack size exceeded"}
[13:42:28] ERROR    Game loop error
[2026-01-03T13:42:28.529Z] [ERROR] [Server] Game loop error {"error":"Maximum call stack size exceeded"}
[13:42:28] ERROR    Game loop error
[2026-01-03T13:42:28.556Z] [ERROR] [Server] Game loop error {"error":"Maximum call stack size exceeded"}
[13:42:28] ERROR    Game loop error
[2026-01-03T13:42:28.588Z] [ERROR] [Server] Game loop error {"error":"Maximum call stack size exceeded"}
[13:42:28] ERROR    Game loop error
[2026-01-03T13:42:28.620Z] [ERROR] [Server] Game loop error {"error":"Maximum call stack size exceeded"}
[13:42:28] ERROR    Game loop error
[2026-01-03T13:42:28.656Z] [ERROR] [Server] Game loop error {"error":"Maximum call stack size exceeded"}
[13:42:28] ERROR    Game loop error
[2026-01-03T13:42:28.684Z] [ERROR] [Server] Game loop error {"error":"Maximum call stack size exceeded"}
[13:42:28] ERROR    Game loop error
[2026-01-03T13:42:28.716Z] [ERROR] [Server] Game loop error {"error":"Maximum call stack size exceeded"}
[13:42:28] ERROR    Game loop error
[2026-01-03T13:42:28.750Z] [ERROR] [Server] Game loop error {"error":"Maximum call stack size exceeded"}
[13:42:28] ERROR    Game loop error
[2026-01-03T13:42:28.791Z] [ERROR] [Server] Game loop error {"error":"Maximum call stack size exceeded"}
[13:42:28] ERROR    Game loop error
[2026-01-03T13:42:28.824Z] [ERROR] [Server] Game loop error {"error":"Maximum call stack size exceeded"}
[13:42:28] ERROR    Game loop error
[2026-01-03T13:42:28.852Z] [ERROR] [Server] Game loop error {"error":"Maximum call stack size exceeded"}
[13:42:28] ERROR    Game loop error
[2026-01-03T13:42:28.883Z] [ERROR] [Server] Game loop error {"error":"Maximum call stack size exceeded"}
[13:42:28] ERROR    Game loop error
[2026-01-03T13:42:28.914Z] [ERROR] [Server] Game loop error {"error":"Maximum call stack size exceeded"}
[13:42:28] ERROR    Game loop error
[2026-01-03T13:42:28.959Z] [ERROR] [Server] Game loop error {"error":"Maximum call stack size exceeded"}
[13:42:28] ERROR    Game loop error
[2026-01-03T13:42:29.000Z] [ERROR] [Server] Game loop error {"error":"Maximum call stack size exceeded"}
[13:42:29] ERROR    Game loop error
[2026-01-03T13:42:29.042Z] [ERROR] [Server] Game loop error {"error":"Maximum call stack size exceeded"}
[13:42:29] ERROR    Game loop error
[2026-01-03T13:42:29.068Z] [ERROR] [Server] Game loop error {"error":"Maximum call stack size exceeded"}
[13:42:29] ERROR    Game loop error
[2026-01-03T13:42:29.104Z] [ERROR] [Server] Game loop error {"error":"Maximum call stack size exceeded"}
[13:42:29] ERROR    Game loop error
[2026-01-03T13:42:29.145Z] [ERROR] [Server] Game loop error {"error":"Maximum call stack size exceeded"}
[13:42:29] ERROR    Game loop error
[2026-01-03T13:42:29.178Z] [ERROR] [Server] Game loop error {"error":"Maximum call stack size exceeded"}
[13:42:29] ERROR    Game loop error
[2026-01-03T13:42:29.212Z] [ERROR] [Server] Game loop error {"error":"Maximum call stack size exceeded"}
[13:42:29] ERROR    Game loop error
[2026-01-03T13:42:29.235Z] [ERROR] [Server] Game loop error {"error":"Maximum call stack size exceeded"}
[13:42:29] ERROR    Game loop error
[2026-01-03T13:42:29.262Z] [ERROR] [Server] Game loop error {"error":"Maximum call stack size exceeded"}
[13:42:29] ERROR    Game loop error
[2026-01-03T13:42:29.295Z] [ERROR] [Server] Game loop error {"error":"Maximum call stack size exceeded"}
[13:42:29] ERROR    Game loop error
[2026-01-03T13:42:29.333Z] [ERROR] [Server] Game loop error {"error":"Maximum call stack size exceeded"}
[13:42:29] ERROR    Game loop error
[2026-01-03T13:42:29.365Z] [ERROR] [Server] Game loop error {"error":"Maximum call stack size exceeded"}
[13:42:29] ERROR    Game loop error
[2026-01-03T13:42:29.393Z] [ERROR] [Server] Game loop error {"error":"Maximum call stack size exceeded"}
[13:42:29] ERROR    Game loop error
[2026-01-03T13:42:29.418Z] [ERROR] [Server] Game loop error {"error":"Maximum call stack size exceeded"}
[13:42:29] ERROR    Game loop error
[2026-01-03T13:42:29.459Z] [ERROR] [Server] Game loop error {"error":"Maximum call stack size exceeded"}
[13:42:29] ERROR    Game loop error
[2026-01-03T13:42:29.486Z] [ERROR] [Server] Game loop error {"error":"Maximum call stack size exceeded"}
[13:42:29] ERROR    Game loop error
[2026-01-03T13:42:29.517Z] [ERROR] [Server] Game loop error {"error":"Maximum call stack size exceeded"}
[13:42:29] ERROR    Game loop error
[2026-01-03T13:42:29.545Z] [ERROR] [Server] Game loop error {"error":"Maximum call stack size exceeded"}
[13:42:29] ERROR    Game loop error
[2026-01-03T13:42:29.573Z] [ERROR] [Server] Game loop error {"error":"Maximum call stack size exceeded"}
[13:42:29] ERROR    Game loop error
[2026-01-03T13:42:29.599Z] [ERROR] [Server] Game loop error {"error":"Maximum call stack size exceeded"}
[13:42:29] ERROR    Game loop error
[2026-01-03T13:42:29.642Z] [ERROR] [Server] Game loop error {"error":"Maximum call stack size exceeded"}
[13:42:29] ERROR    Game loop error
[2026-01-03T13:42:29.672Z] [ERROR] [Server] Game loop error {"error":"Maximum call stack size exceeded"}
[13:42:29] ERROR    Game loop error
[2026-01-03T13:42:29.701Z] [ERROR] [Server] Game loop error {"error":"Maximum call stack size exceeded"}
[13:42:29] ERROR    Game loop error
[2026-01-03T13:42:29.738Z] [ERROR] [Server] Game loop error {"error":"Maximum call stack size exceeded"}
[13:42:29] ERROR    Game loop error
[2026-01-03T13:42:29.764Z] [ERROR] [Server] Game loop error {"error":"Maximum call stack size exceeded"}
[13:42:29] ERROR    Game loop error
[2026-01-03T13:42:29.799Z] [ERROR] [Server] Game loop error {"error":"Maximum call stack size exceeded"}
[13:42:29] ERROR    Game loop error
[2026-01-03T13:42:29.824Z] [ERROR] [Server] Game loop error {"error":"Maximum call stack size exceeded"}
[13:42:29] ERROR    Game loop error
[2026-01-03T13:42:29.860Z] [ERROR] [Server] Game loop error {"error":"Maximum call stack size exceeded"}
[13:42:29] ERROR    Game loop error
[2026-01-03T13:42:29.887Z] [ERROR] [Server] Game loop error {"error":"Maximum call stack size exceeded"}
[13:42:29] ERROR    Game loop error
[2026-01-03T13:42:29.919Z] [ERROR] [Server] Game loop error {"error":"Maximum call stack size exceeded"}
[13:42:29] ERROR    Game loop error
[2026-01-03T13:42:29.953Z] [ERROR] [Server] Game loop error {"error":"Maximum call stack size exceeded"}
[13:42:29] ERROR    Game loop error
[2026-01-03T13:42:29.981Z] [ERROR] [Server] Game loop error {"error":"Maximum call stack size exceeded"}
[13:42:29] ERROR    Game loop error
[2026-01-03T13:42:30.015Z] [ERROR] [Server] Game loop error {"error":"Maximum call stack size exceeded"}
[13:42:30] ERROR    Game loop error
[2026-01-03T13:42:30.039Z] [ERROR] [Server] Game loop error {"error":"Maximum call stack size exceeded"}
[13:42:30] ERROR    Game loop error
[2026-01-03T13:42:30.080Z] [ERROR] [Server] Game loop error {"error":"Maximum call stack size exceeded"}
[13:42:30] ERROR    Game loop error
[2026-01-03T13:42:30.107Z] [ERROR] [Server] Game loop error {"error":"Maximum call stack size exceeded"}
[13:42:30] ERROR    Game loop error
[2026-01-03T13:42:30.138Z] [ERROR] [Server] Game loop error {"error":"Maximum call stack size exceeded"}
[13:42:30] ERROR    Game loop error
[2026-01-03T13:42:30.171Z] [ERROR] [Server] Game loop error {"error":"Maximum call stack size exceeded"}
[13:42:30] ERROR    Game loop error
[2026-01-03T13:42:30.197Z] [ERROR] [Server] Game loop error {"error":"Maximum call stack size exceeded"}
[13:42:30] ERROR    Game loop error
[2026-01-03T13:42:30.231Z] [ERROR] [Server] Game loop error {"error":"Maximum call stack size exceeded"}
[13:42:30] ERROR    Game loop error
[2026-01-03T13:42:30.259Z] [ERROR] [Server] Game loop error {"error":"Maximum call stack size exceeded"}
[13:42:30] ERROR    Game loop error
[2026-01-03T13:42:30.290Z] [ERROR] [Server] Game loop error {"error":"Maximum call stack size exceeded"}
[13:42:30] ERROR    Game loop error
[2026-01-03T13:42:30.323Z] [ERROR] [Server] Game loop error {"error":"Maximum call stack size exceeded"}
[13:42:30] ERROR    Game loop error
[2026-01-03T13:42:30.350Z] [ERROR] [Server] Game loop error {"error":"Maximum call stack size exceeded"}
[13:42:30] ERROR    Game loop error
[2026-01-03T13:42:30.379Z] [ERROR] [Server] Game loop error {"error":"Maximum call stack size exceeded"}
[13:42:30] ERROR    Game loop error
[2026-01-03T13:42:30.414Z] [ERROR] [Server] Game loop error {"error":"Maximum call stack size exceeded"}
[13:42:30] ERROR    Game loop error
[2026-01-03T13:42:30.443Z] [ERROR] [Server] Game loop error {"error":"Maximum call stack size exceeded"}
[13:42:30] ERROR    Game loop error
[2026-01-03T13:42:30.475Z] [ERROR] [Server] Game loop error {"error":"Maximum call stack size exceeded"}
[13:42:30] ERROR    Game loop error
[2026-01-03T13:42:30.509Z] [ERROR] [Server] Game loop error {"error":"Maximum call stack size exceeded"}
[13:42:30] ERROR    Game loop error
[2026-01-03T13:42:30.540Z] [ERROR] [Server] Game loop error {"error":"Maximum call stack size exceeded"}
[13:42:30] ERROR    Game loop error
[2026-01-03T13:42:30.574Z] [ERROR] [Server] Game loop error {"error":"Maximum call stack size exceeded"}
[13:42:30] ERROR    Game loop error
[2026-01-03T13:42:30.613Z] [ERROR] [Server] Game loop error {"error":"Maximum call stack size exceeded"}
[13:42:30] ERROR    Game loop error
[2026-01-03T13:42:30.647Z] [ERROR] [Server] Game loop error {"error":"Maximum call stack size exceeded"}
[13:42:30] ERROR    Game loop error
[2026-01-03T13:42:30.672Z] [ERROR] [Server] Game loop error {"error":"Maximum call stack size exceeded"}
[13:42:30] ERROR    Game loop error
[2026-01-03T13:42:30.702Z] [ERROR] [Server] Game loop error {"error":"Maximum call stack size exceeded"}
[13:42:30] ERROR    Game loop error
[2026-01-03T13:42:30.734Z] [ERROR] [Server] Game loop error {"error":"Maximum call stack size exceeded"}
[13:42:30] ERROR    Game loop error
[2026-01-03T13:42:30.765Z] [ERROR] [Server] Game loop error {"error":"Maximum call stack size exceeded"}
[13:42:30] ERROR    Game loop error
[2026-01-03T13:42:30.797Z] [ERROR] [Server] Game loop error {"error":"Maximum call stack size exceeded"}
[13:42:30] ERROR    Game loop error
[2026-01-03T13:42:30.830Z] [ERROR] [Server] Game loop error {"error":"Maximum call stack size exceeded"}
[13:42:30] ERROR    Game loop error
[2026-01-03T13:42:30.863Z] [ERROR] [Server] Game loop error {"error":"Maximum call stack size exceeded"}
[13:42:30] ERROR    Game loop error
[2026-01-03T13:42:30.895Z] [ERROR] [Server] Game loop error {"error":"Maximum call stack size exceeded"}
[13:42:30] ERROR    Game loop error
[2026-01-03T13:42:30.918Z] [ERROR] [Server] Game loop error {"error":"Maximum call stack size exceeded"}
[13:42:30] ERROR    Game loop error
[2026-01-03T13:42:30.949Z] [ERROR] [Server] Game loop error {"error":"Maximum call stack size exceeded"}
[13:42:30] ERROR    Game loop error
[2026-01-03T13:42:30.978Z] [ERROR] [Server] Game loop error {"error":"Maximum call stack size exceeded"}
[13:42:30] ERROR    Game loop error
[2026-01-03T13:42:31.014Z] [ERROR] [Server] Game loop error {"error":"Maximum call stack size exceeded"}
[13:42:31] ERROR    Game loop error
[2026-01-03T13:42:31.044Z] [ERROR] [Server] Game loop error {"error":"Maximum call stack size exceeded"}
[13:42:31] ERROR    Game loop error
[2026-01-03T13:42:31.072Z] [ERROR] [Server] Game loop error {"error":"Maximum call stack size exceeded"}
[13:42:31] ERROR    Game loop error
[2026-01-03T13:42:31.111Z] [ERROR] [Server] Game loop error {"error":"Maximum call stack size exceeded"}
[13:42:31] ERROR    Game loop error
[2026-01-03T13:42:31.141Z] [ERROR] [Server] Game loop error {"error":"Maximum call stack size exceeded"}
[13:42:31] ERROR    Game loop error
[2026-01-03T13:42:31.170Z] [ERROR] [Server] Game loop error {"error":"Maximum call stack size exceeded"}
[13:42:31] ERROR    Game loop error
[2026-01-03T13:42:31.202Z] [ERROR] [Server] Game loop error {"error":"Maximum call stack size exceeded"}
[13:42:31] ERROR    Game loop error
[2026-01-03T13:42:31.229Z] [ERROR] [Server] Game loop error {"error":"Maximum call stack size exceeded"}
[13:42:31] ERROR    Game loop error
[2026-01-03T13:42:31.257Z] [ERROR] [Server] Game loop error {"error":"Maximum call stack size exceeded"}
[13:42:31] ERROR    Game loop error
[2026-01-03T13:42:31.291Z] [ERROR] [Server] Game loop error {"error":"Maximum call stack size exceeded"}
[13:42:31] ERROR    Game loop error
[2026-01-03T13:42:31.321Z] [ERROR] [Server] Game loop error {"error":"Maximum call stack size exceeded"}
[13:42:31] ERROR    Game loop error
[2026-01-03T13:42:31.354Z] [ERROR] [Server] Game loop error {"error":"Maximum call stack size exceeded"}
[13:42:31] ERROR    Game loop error
[2026-01-03T13:42:31.385Z] [ERROR] [Server] Game loop error {"error":"Maximum call stack size exceeded"}
[13:42:31] ERROR    Game loop error
[2026-01-03T13:42:31.416Z] [ERROR] [Server] Game loop error {"error":"Maximum call stack size exceeded"}
[13:42:31] ERROR    Game loop error
[2026-01-03T13:42:31.446Z] [ERROR] [Server] Game loop error {"error":"Maximum call stack size exceeded"}
[13:42:31] ERROR    Game loop error
[2026-01-03T13:42:31.479Z] [ERROR] [Server] Game loop error {"error":"Maximum call stack size exceeded"}
[13:42:31] ERROR    Game loop error
[2026-01-03T13:42:31.508Z] [ERROR] [Server] Game loop error {"error":"Maximum call stack size exceeded"}
[13:42:31] ERROR    Game loop error
[2026-01-03T13:42:31.543Z] [ERROR] [Server] Game loop error {"error":"Maximum call stack size exceeded"}
[13:42:31] ERROR    Game loop error
[2026-01-03T13:42:31.568Z] [ERROR] [Server] Game loop error {"error":"Maximum call stack size exceeded"}
[13:42:31] ERROR    Game loop error
[2026-01-03T13:42:31.593Z] [ERROR] [Server] Game loop error {"error":"Maximum call stack size exceeded"}
[13:42:31] ERROR    Game loop error
[2026-01-03T13:42:31.634Z] [ERROR] [Server] Game loop error {"error":"Maximum call stack size exceeded"}
[13:42:31] ERROR    Game loop error
[2026-01-03T13:42:31.664Z] [ERROR] [Server] Game loop error {"error":"Maximum call stack size exceeded"}
[13:42:31] ERROR    Game loop error
[2026-01-03T13:42:31.694Z] [ERROR] [Server] Game loop error {"error":"Maximum call stack size exceeded"}
[13:42:31] ERROR    Game loop error
[2026-01-03T13:42:31.731Z] [ERROR] [Server] Game loop error {"error":"Maximum call stack size exceeded"}
[13:42:31] ERROR    Game loop error
[2026-01-03T13:42:31.757Z] [ERROR] [Server] Game loop error {"error":"Maximum call stack size exceeded"}
[13:42:31] ERROR    Game loop error
[2026-01-03T13:42:31.790Z] [ERROR] [Server] Game loop error {"error":"Maximum call stack size exceeded"}
[13:42:31] ERROR    Game loop error
[2026-01-03T13:42:31.826Z] [ERROR] [Server] Game loop error {"error":"Maximum call stack size exceeded"}
[13:42:31] ERROR    Game loop error
[2026-01-03T13:42:31.854Z] [ERROR] [Server] Game loop error {"error":"Maximum call stack size exceeded"}
[13:42:31] ERROR    Game loop error
[2026-01-03T13:42:31.883Z] [ERROR] [Server] Game loop error {"error":"Maximum call stack size exceeded"}
[13:42:31] ERROR    Game loop error
[2026-01-03T13:42:31.907Z] [ERROR] [Server] Game loop error {"error":"Maximum call stack size exceeded"}
[13:42:31] ERROR    Game loop error
[2026-01-03T13:42:31.946Z] [ERROR] [Server] Game loop error {"error":"Maximum call stack size exceeded"}
[13:42:31] ERROR    Game loop error
[2026-01-03T13:42:31.978Z] [ERROR] [Server] Game loop error {"error":"Maximum call stack size exceeded"}
[13:42:31] ERROR    Game loop error
[2026-01-03T13:42:32.011Z] [ERROR] [Server] Game loop error {"error":"Maximum call stack size exceeded"}
[13:42:32] ERROR    Game loop error
[2026-01-03T13:42:32.041Z] [ERROR] [Server] Game loop error {"error":"Maximum call stack size exceeded"}
[13:42:32] ERROR    Game loop error
[2026-01-03T13:42:32.063Z] [ERROR] [Server] Game loop error {"error":"Maximum call stack size exceeded"}
[13:42:32] ERROR    Game loop error
[2026-01-03T13:42:32.091Z] [ERROR] [Server] Game loop error {"error":"Maximum call stack size exceeded"}
[13:42:32] ERROR    Game loop error
[2026-01-03T13:42:32.121Z] [ERROR] [Server] Game loop error {"error":"Maximum call stack size exceeded"}
[13:42:32] ERROR    Game loop error
[2026-01-03T13:42:32.150Z] [ERROR] [Server] Game loop error {"error":"Maximum call stack size exceeded"}
[13:42:32] ERROR    Game loop error
[2026-01-03T13:42:32.185Z] [ERROR] [Server] Game loop error {"error":"Maximum call stack size exceeded"}
[13:42:32] ERROR    Game loop error
[2026-01-03T13:42:32.215Z] [ERROR] [Server] Game loop error {"error":"Maximum call stack size exceeded"}
[13:42:32] ERROR    Game loop error
[2026-01-03T13:42:32.248Z] [ERROR] [Server] Game loop error {"error":"Maximum call stack size exceeded"}
[13:42:32] ERROR    Game loop error
[2026-01-03T13:42:32.277Z] [ERROR] [Server] Game loop error {"error":"Maximum call stack size exceeded"}
[13:42:32] ERROR    Game loop error
[2026-01-03T13:42:32.303Z] [ERROR] [Server] Game loop error {"error":"Maximum call stack size exceeded"}
[13:42:32] ERROR    Game loop error
[2026-01-03T13:42:32.339Z] [ERROR] [Server] Game loop error {"error":"Maximum call stack size exceeded"}
[13:42:32] ERROR    Game loop error
[2026-01-03T13:42:32.364Z] [ERROR] [Server] Game loop error {"error":"Maximum call stack size exceeded"}
[13:42:32] ERROR    Game loop error
[2026-01-03T13:42:32.400Z] [ERROR] [Server] Game loop error {"error":"Maximum call stack size exceeded"}
[13:42:32] ERROR    Game loop error
[2026-01-03T13:42:32.433Z] [ERROR] [Server] Game loop error {"error":"Maximum call stack size exceeded"}
[13:42:32] ERROR    Game loop error
[2026-01-03T13:42:32.465Z] [ERROR] [Server] Game loop error {"error":"Maximum call stack size exceeded"}
[13:42:32] ERROR    Game loop error
[2026-01-03T13:42:32.498Z] [ERROR] [Server] Game loop error {"error":"Maximum call stack size exceeded"}
[13:42:32] ERROR    Game loop error
[2026-01-03T13:42:32.523Z] [ERROR] [Server] Game loop error {"error":"Maximum call stack size exceeded"}
[13:42:32] ERROR    Game loop error
[2026-01-03T13:42:32.556Z] [ERROR] [Server] Game loop error {"error":"Maximum call stack size exceeded"}
[13:42:32] ERROR    Game loop error
[2026-01-03T13:42:32.588Z] [ERROR] [Server] Game loop error {"error":"Maximum call stack size exceeded"}
[13:42:32] ERROR    Game loop error
[2026-01-03T13:42:32.624Z] [ERROR] [Server] Game loop error {"error":"Maximum call stack size exceeded"}
[13:42:32] ERROR    Game loop error
[2026-01-03T13:42:32.654Z] [ERROR] [Server] Game loop error {"error":"Maximum call stack size exceeded"}
[13:42:32] ERROR    Game loop error
[2026-01-03T13:42:32.678Z] [ERROR] [Server] Game loop error {"error":"Maximum call stack size exceeded"}
[13:42:32] ERROR    Game loop error
[2026-01-03T13:42:32.717Z] [ERROR] [Server] Game loop error {"error":"Maximum call stack size exceeded"}
[13:42:32] ERROR    Game loop error
[2026-01-03T13:42:32.745Z] [ERROR] [Server] Game loop error {"error":"Maximum call stack size exceeded"}
[13:42:32] ERROR    Game loop error
[2026-01-03T13:42:32.776Z] [ERROR] [Server] Game loop error {"error":"Maximum call stack size exceeded"}
[13:42:32] ERROR    Game loop error
[2026-01-03T13:42:32.810Z] [ERROR] [Server] Game loop error {"error":"Maximum call stack size exceeded"}
[13:42:32] ERROR    Game loop error
[2026-01-03T13:42:32.838Z] [ERROR] [Server] Game loop error {"error":"Maximum call stack size exceeded"}
[13:42:32] ERROR    Game loop error
[2026-01-03T13:42:32.869Z] [ERROR] [Server] Game loop error {"error":"Maximum call stack size exceeded"}
[13:42:32] ERROR    Game loop error
[2026-01-03T13:42:32.900Z] [ERROR] [Server] Game loop error {"error":"Maximum call stack size exceeded"}
[13:42:32] ERROR    Game loop error
[2026-01-03T13:42:32.931Z] [ERROR] [Server] Game loop error {"error":"Maximum call stack size exceeded"}
[13:42:32] ERROR    Game loop error
